<?xml version="1.0" encoding="utf-8"?>
<testsuite name="TelegramDesktopE2E" tests="659" failures="0" errors="0" time="0.4820">
  <!-- Tier 1: Feature Coverage (285 tests) -->
  <!-- Feature 1: Ghost Mode (Decoupled Read Receipts) -->
  <testcase classname="TestTier1PrivacyNetwork" name="test_t1_f01_01_default_disabled_state_read_receipt_sent" time="0.0007" />
  <testcase classname="TestTier1PrivacyNetwork" name="test_t1_f01_02_ghost_mode_enabled_suppresses_read_receipt" time="0.0006" />
  <testcase classname="TestTier1PrivacyNetwork" name="test_t1_f01_03_local_unread_cleared_while_server_unmutated" time="0.0006" />
  <testcase classname="TestTier1PrivacyNetwork" name="test_t1_f01_04_channel_read_history_suppressed" time="0.0006" />
  <testcase classname="TestTier1PrivacyNetwork" name="test_t1_f01_05_dynamic_toggle_mid_session" time="0.0006" />
  <!-- Feature 2: Ghost Mode Settings UI & Persistence -->
  <testcase classname="TestTier1PrivacyNetwork" name="test_t1_f02_01_settings_ui_toggle_presence" time="0.0005" />
  <testcase classname="TestTier1PrivacyNetwork" name="test_t1_f02_02_toggle_interaction_updates_setting" time="0.0005" />
  <testcase classname="TestTier1PrivacyNetwork" name="test_t1_f02_03_binary_serialization_appends_at_end" time="0.0006" />
  <testcase classname="TestTier1PrivacyNetwork" name="test_t1_f02_04_cold_restart_deserialization_restores_state" time="0.0006" />
  <testcase classname="TestTier1PrivacyNetwork" name="test_t1_f02_05_legacy_stream_at_end_guard_fallback" time="0.0006" />
  <!-- Feature 3: Multi-Connection MTProto Chunk Downloading -->
  <testcase classname="TestTier1PrivacyNetwork" name="test_t1_f03_01_initial_session_pool_allocation" time="0.0006" />
  <testcase classname="TestTier1PrivacyNetwork" name="test_t1_f03_02_scaling_to_max_16_sessions" time="0.0011" />
  <testcase classname="TestTier1PrivacyNetwork" name="test_t1_f03_03_load_balancing_least_loaded_session" time="0.0006" />
  <testcase classname="TestTier1PrivacyNetwork" name="test_t1_f03_04_timeout_failure_backoff" time="0.0008" />
  <testcase classname="TestTier1PrivacyNetwork" name="test_t1_f03_05_multi_dc_independent_session_pools" time="0.0009" />
  <!-- Feature 4: Grid Mode Toggle -->
  <testcase classname="TestTier1CallsUI" name="test_t1_f04_01_grid_mode_button_instantiation" time="0.0005" />
  <testcase classname="TestTier1CallsUI" name="test_t1_f04_02_grid_mode_toggle_action" time="0.0005" />
  <testcase classname="TestTier1CallsUI" name="test_t1_f04_03_panel_mode_switch_to_grid" time="0.0005" />
  <testcase classname="TestTier1CallsUI" name="test_t1_f04_04_reactive_grid_mode_listener" time="0.0005" />
  <testcase classname="TestTier1CallsUI" name="test_t1_f04_05_grid_mode_toggle_off_restores_speaker_view" time="0.0005" />
  <!-- Feature 5: In-Call Chat Panel Slide-Out -->
  <testcase classname="TestTier1CallsUI" name="test_t1_f05_01_chat_toggle_button_presence" time="0.0005" />
  <testcase classname="TestTier1CallsUI" name="test_t1_f05_02_chat_panel_slide_out_visible" time="0.0005" />
  <testcase classname="TestTier1CallsUI" name="test_t1_f05_03_chat_panel_top_left_close_action" time="0.0005" />
  <testcase classname="TestTier1CallsUI" name="test_t1_f05_04_chat_panel_translucency_property" time="0.0005" />
  <testcase classname="TestTier1CallsUI" name="test_t1_f05_05_chat_panel_round_rect_corners" time="0.0005" />
  <!-- Feature 6: End Call Button & Hover Controls -->
  <testcase classname="TestTier1CallsUI" name="test_t1_f06_01_end_call_button_discrete_corner_layout" time="0.0005" />
  <testcase classname="TestTier1CallsUI" name="test_t1_f06_02_hover_controls_activation_on_mouse_enter" time="0.0005" />
  <testcase classname="TestTier1CallsUI" name="test_t1_f06_03_hover_controls_dismissal_on_mouse_leave" time="0.0005" />
  <testcase classname="TestTier1CallsUI" name="test_t1_f06_04_end_call_click_terminates_call" time="0.0005" />
  <testcase classname="TestTier1CallsUI" name="test_t1_f06_05_hover_timer_grace_period" time="0.0005" />
  <!-- Feature 7: Camera & Participant Bar Controls -->
  <testcase classname="TestTier1CallsUI" name="test_t1_f07_01_camera_toggle_button_presence" time="0.0005" />
  <testcase classname="TestTier1CallsUI" name="test_t1_f07_02_camera_toggle_enables_local_video_track" time="0.0005" />
  <testcase classname="TestTier1CallsUI" name="test_t1_f07_03_camera_toggle_disables_local_video_track" time="0.0005" />
  <testcase classname="TestTier1CallsUI" name="test_t1_f07_04_participant_counter_badge_accuracy" time="0.0005" />
  <testcase classname="TestTier1CallsUI" name="test_t1_f07_05_participant_bar_sidebar_toggle" time="0.0005" />
  <!-- Feature 8: CallButton to IconButton Migration -->
  <testcase classname="TestTier1CallsUI" name="test_t1_f08_01_icon_button_base_class_conformance" time="0.0005" />
  <testcase classname="TestTier1CallsUI" name="test_t1_f08_02_icon_button_size_metric" time="0.0005" />
  <testcase classname="TestTier1CallsUI" name="test_t1_f08_03_icon_button_palette_color_inheritance" time="0.0005" />
  <testcase classname="TestTier1CallsUI" name="test_t1_f08_04_icon_button_custom_round_ripple" time="0.0005" />
  <testcase classname="TestTier1CallsUI" name="test_t1_f08_05_icon_button_disabled_state_rendering" time="0.0005" />
  <!-- Feature 9: callCancelRipple Palette Color -->
  <testcase classname="TestTier1CallsUI" name="test_t1_f09_01_palette_color_hex_definition" time="0.0005" />
  <testcase classname="TestTier1CallsUI" name="test_t1_f09_02_palette_color_applied_to_hangup_ripple" time="0.0005" />
  <testcase classname="TestTier1CallsUI" name="test_t1_f09_03_contrast_ratio_on_dark_theme" time="0.0005" />
  <testcase classname="TestTier1CallsUI" name="test_t1_f09_04_palette_override_in_custom_theme" time="0.0005" />
  <testcase classname="TestTier1CallsUI" name="test_t1_f09_05_ripple_animation_color_integrity" time="0.0005" />
  <!-- Feature 10: Hidden Floating PiP Camera Preview -->
  <testcase classname="TestTier1CallsUI" name="test_t1_f10_01_floating_pip_preview_disabled_by_default" time="0.0005" />
  <testcase classname="TestTier1CallsUI" name="test_t1_f10_02_no_viewport_obscuration_from_pip" time="0.0005" />
  <testcase classname="TestTier1CallsUI" name="test_t1_f10_03_local_video_integrated_into_main_grid" time="0.0005" />
  <testcase classname="TestTier1CallsUI" name="test_t1_f10_04_pip_suppressed_in_multi_participant_calls" time="0.0005" />
  <testcase classname="TestTier1CallsUI" name="test_t1_f10_05_pip_suppressed_across_panel_mode_transitions" time="0.0005" />
  <!-- Feature 11: Multi-Monitor Stage Window Support -->
  <testcase classname="TestTier1MultiDisplay" name="test_t1_f11_01_stage_window_instantiation_secondary_screen" time="0.0006" />
  <testcase classname="TestTier1MultiDisplay" name="test_t1_f11_02_video_feed_routed_to_stage_window" time="0.0005" />
  <testcase classname="TestTier1MultiDisplay" name="test_t1_f11_03_stage_window_geometry_matches_secondary_bounds" time="0.0005" />
  <testcase classname="TestTier1MultiDisplay" name="test_t1_f11_04_primary_window_remains_active_during_stage_routing" time="0.0005" />
  <testcase classname="TestTier1MultiDisplay" name="test_t1_f11_05_closing_stage_window_restores_primary_routing" time="0.0005" />
  <!-- Feature 12: Dual Initial Windows Prompt -->
  <testcase classname="TestTier1MultiDisplay" name="test_t1_f12_01_dual_prompt_display_on_multi_monitor" time="0.0005" />
  <testcase classname="TestTier1MultiDisplay" name="test_t1_f12_02_dual_prompt_suppressed_on_single_monitor" time="0.0005" />
  <testcase classname="TestTier1MultiDisplay" name="test_t1_f12_03_choose_screen_1_pins_to_primary" time="0.0005" />
  <testcase classname="TestTier1MultiDisplay" name="test_t1_f12_04_choose_screen_2_pins_to_secondary" time="0.0005" />
  <testcase classname="TestTier1MultiDisplay" name="test_t1_f12_05_cancel_dual_prompt_defaults_to_primary" time="0.0005" />
  <!-- Feature 13: Display Role Router -->
  <testcase classname="TestTier1MultiDisplay" name="test_t1_f13_01_enumerate_qscreen_objects" time="0.0005" />
  <testcase classname="TestTier1MultiDisplay" name="test_t1_f13_02_assign_stage_grid_role" time="0.0005" />
  <testcase classname="TestTier1MultiDisplay" name="test_t1_f13_03_assign_chat_station_role" time="0.0005" />
  <testcase classname="TestTier1MultiDisplay" name="test_t1_f13_04_fallback_to_primary_on_monitor_disconnect" time="0.0005" />
  <testcase classname="TestTier1MultiDisplay" name="test_t1_f13_05_role_reassignment_dynamic_update" time="0.0005" />
  <!-- Feature 14: Async Video Stream Routing -->
  <testcase classname="TestTier1MultiDisplay" name="test_t1_f14_01_async_video_sink_dispatch" time="0.0005" />
  <testcase classname="TestTier1MultiDisplay" name="test_t1_f14_02_active_speaker_routed_to_secondary_display" time="0.0005" />
  <testcase classname="TestTier1MultiDisplay" name="test_t1_f14_03_concurrent_video_rendering_across_screens" time="0.0005" />
  <testcase classname="TestTier1MultiDisplay" name="test_t1_f14_04_zero_frame_drops_during_monitor_swap" time="0.0005" />
  <testcase classname="TestTier1MultiDisplay" name="test_t1_f14_05_sink_destruction_cleanup" time="0.0005" />
  <!-- Feature 15: Secondary Display Active-Speaker Isolation -->
  <testcase classname="TestTier1MultiDisplay" name="test_t1_f15_01_disable_auto_filling_on_secondary_screen" time="0.0005" />
  <testcase classname="TestTier1MultiDisplay" name="test_t1_f15_02_explicit_pinned_feed_preserved_on_screen_2" time="0.0005" />
  <testcase classname="TestTier1MultiDisplay" name="test_t1_f15_03_speaker_change_does_not_mutate_secondary_pin" time="0.0005" />
  <testcase classname="TestTier1MultiDisplay" name="test_t1_f15_04_unpin_clears_secondary_feed" time="0.0005" />
  <testcase classname="TestTier1MultiDisplay" name="test_t1_f15_05_audio_routed_to_primary_while_video_on_secondary" time="0.0005" />
  <!-- Feature 16: Discrete Layout Presets (1x1, 2x2, 3x3) -->
  <testcase classname="TestTier1GridPin" name="test_t1_f16_01_preset_1x1_single_focus_tile_geometry" time="0.0005" />
  <testcase classname="TestTier1GridPin" name="test_t1_f16_02_preset_2x2_symmetrical_4_quadrant_partitioning" time="0.0006" />
  <testcase classname="TestTier1GridPin" name="test_t1_f16_03_preset_3x3_symmetrical_9_tile_matrix" time="0.0006" />
  <testcase classname="TestTier1GridPin" name="test_t1_f16_04_preset_2x2_under_capacity_3_feeds" time="0.0005" />
  <testcase classname="TestTier1GridPin" name="test_t1_f16_05_preset_3x3_overflow_12_feeds" time="0.0006" />
  <!-- Feature 17: Dynamic Grid Solver (50/50 Split) -->
  <testcase classname="TestTier1GridPin" name="test_t1_f17_01_two_feed_50_50_horizontal_split" time="0.0005" />
  <testcase classname="TestTier1GridPin" name="test_t1_f17_02_dynamic_1_feed_auto_expansion" time="0.0005" />
  <testcase classname="TestTier1GridPin" name="test_t1_f17_03_transition_from_1_to_2_feeds" time="0.0005" />
  <testcase classname="TestTier1GridPin" name="test_t1_f17_04_skip_margin_gap_subtraction" time="0.0005" />
  <testcase classname="TestTier1GridPin" name="test_t1_f17_05_non_overlapping_50_50_rects" time="0.0005" />
  <!-- Feature 18: Uncapped Dynamic Main Grid Scaling -->
  <testcase classname="TestTier1GridPin" name="test_t1_f18_01_dynamic_scaling_6_participants" time="0.0006" />
  <testcase classname="TestTier1GridPin" name="test_t1_f18_02_dynamic_scaling_16_participants" time="0.0007" />
  <testcase classname="TestTier1GridPin" name="test_t1_f18_03_dynamic_scaling_32_participants" time="0.0012" />
  <testcase classname="TestTier1GridPin" name="test_t1_f18_04_aspect_ratio_optimization" time="0.0006" />
  <testcase classname="TestTier1GridPin" name="test_t1_f18_05_viewport_resize_recalculates_bounds" time="0.0006" />
  <!-- Feature 19: Persistent Pin Slot Allocator -->
  <testcase classname="TestTier1GridPin" name="test_t1_f19_01_pin_endpoint_allocates_leading_slot" time="0.0005" />
  <testcase classname="TestTier1GridPin" name="test_t1_f19_02_unpinned_peer_join_preserves_pinned_slot" time="0.0005" />
  <testcase classname="TestTier1GridPin" name="test_t1_f19_03_pin_removal_shifts_subsequent_pinned" time="0.0005" />
  <testcase classname="TestTier1GridPin" name="test_t1_f19_04_persisted_pin_state_across_layout_switch" time="0.0005" />
  <testcase classname="TestTier1GridPin" name="test_t1_f19_05_pin_deduplication_invariant" time="0.0005" />
  <!-- Feature 20: Per-Window Dynamic Pinned Auto-Scaling -->
  <testcase classname="TestTier1GridPin" name="test_t1_f20_01_auto_scale_1_pinned_feed" time="0.0005" />
  <testcase classname="TestTier1GridPin" name="test_t1_f20_02_auto_scale_4_pinned_feeds" time="0.0005" />
  <testcase classname="TestTier1GridPin" name="test_t1_f20_03_auto_scale_9_pinned_feeds" time="0.0005" />
  <testcase classname="TestTier1GridPin" name="test_t1_f20_04_pinned_unpinned_split_allocation" time="0.0005" />
  <testcase classname="TestTier1GridPin" name="test_t1_f20_05_per_window_independent_pin_state" time="0.0005" />
  <!-- Feature 21: Multi-Pin Capability -->
  <testcase classname="TestTier1GridPin" name="test_t1_f21_01_multi_pin_up_to_9_feeds" time="0.0005" />
  <testcase classname="TestTier1GridPin" name="test_t1_f21_02_toggle_pin_action_cycle" time="0.0005" />
  <testcase classname="TestTier1GridPin" name="test_t1_f21_03_multi_pin_order_preservation" time="0.0005" />
  <testcase classname="TestTier1GridPin" name="test_t1_f21_04_unpin_all_restores_default_grid" time="0.0005" />
  <testcase classname="TestTier1GridPin" name="test_t1_f21_05_multi_pin_survives_participant_reconnection" time="0.0005" />
  <!-- Feature 22: Adjustable Pinned Panel Sizes -->
  <testcase classname="TestTier1GridPin" name="test_t1_f22_01_splitter_ratio_adjustment" time="0.0005" />
  <testcase classname="TestTier1GridPin" name="test_t1_f22_02_splitter_ratio_clamping_min_max" time="0.0005" />
  <testcase classname="TestTier1GridPin" name="test_t1_f22_03_splitter_drag_resizes_pinned_container" time="0.0005" />
  <testcase classname="TestTier1GridPin" name="test_t1_f22_04_sub_pixel_precision_rounding" time="0.0005" />
  <testcase classname="TestTier1GridPin" name="test_t1_f22_05_splitter_reset_to_default" time="0.0005" />
  <!-- Feature 23: Grid Unpinning & Removal Actions -->
  <testcase classname="TestTier1GridPin" name="test_t1_f23_01_unpin_action_removes_from_pin_list" time="0.0005" />
  <testcase classname="TestTier1GridPin" name="test_t1_f23_02_remove_from_screen_clears_tile" time="0.0005" />
  <testcase classname="TestTier1GridPin" name="test_t1_f23_03_unpin_dialog_confirmation" time="0.0005" />
  <testcase classname="TestTier1GridPin" name="test_t1_f23_04_unpin_single_in_multi_pin_setup" time="0.0005" />
  <testcase classname="TestTier1GridPin" name="test_t1_f23_05_unpin_last_participant_returns_to_normal" time="0.0005" />
  <!-- Feature 24: Pin to Grid Context Menu Actions -->
  <testcase classname="TestTier1GridPin" name="test_t1_f24_01_history_context_menu_pin_action" time="0.0005" />
  <testcase classname="TestTier1GridPin" name="test_t1_f24_02_view_context_menu_pin_action" time="0.0005" />
  <testcase classname="TestTier1GridPin" name="test_t1_f24_03_search_context_menu_pin_action" time="0.0005" />
  <testcase classname="TestTier1GridPin" name="test_t1_f24_04_context_menu_pin_toggles_state" time="0.0005" />
  <testcase classname="TestTier1GridPin" name="test_t1_f24_05_context_menu_action_updates_allocator" time="0.0005" />
  <!-- Feature 25: Frameless Transparent Top-Most Overlay -->
  <testcase classname="TestTier1FloatingOverlay" name="test_t1_f25_01_frameless_window_hint_flag" time="0.0005" />
  <testcase classname="TestTier1FloatingOverlay" name="test_t1_f25_02_stays_on_top_hint_flag" time="0.0005" />
  <testcase classname="TestTier1FloatingOverlay" name="test_t1_f25_03_translucent_background_attribute" time="0.0005" />
  <testcase classname="TestTier1FloatingOverlay" name="test_t1_f25_04_initial_opacity_default_70_percent" time="0.0005" />
  <testcase classname="TestTier1FloatingOverlay" name="test_t1_f25_05_mouse_passthrough_toggle" time="0.0005" />
  <!-- Feature 26: Ctrl+Shift+T Keyboard Toggle -->
  <testcase classname="TestTier1FloatingOverlay" name="test_t1_f26_01_shortcut_toggles_overlay_visibility" time="0.0005" />
  <testcase classname="TestTier1FloatingOverlay" name="test_t1_f26_02_shortcut_toggles_off_overlay" time="0.0005" />
  <testcase classname="TestTier1FloatingOverlay" name="test_t1_f26_03_repeated_toggle_stress" time="0.0005" />
  <testcase classname="TestTier1FloatingOverlay" name="test_t1_f26_04_global_focus_preservation_on_toggle" time="0.0005" />
  <testcase classname="TestTier1FloatingOverlay" name="test_t1_f26_05_toggle_state_sync_with_menu" time="0.0005" />
  <!-- Feature 27: Opacity Adjustment via Ctrl+Wheel -->
  <testcase classname="TestTier1FloatingOverlay" name="test_t1_f27_01_wheel_up_increases_opacity" time="0.0005" />
  <testcase classname="TestTier1FloatingOverlay" name="test_t1_f27_02_wheel_down_decreases_opacity" time="0.0005" />
  <testcase classname="TestTier1FloatingOverlay" name="test_t1_f27_03_opacity_clamped_to_max_100" time="0.0005" />
  <testcase classname="TestTier1FloatingOverlay" name="test_t1_f27_04_opacity_clamped_to_min_20" time="0.0005" />
  <testcase classname="TestTier1FloatingOverlay" name="test_t1_f27_05_opacity_precision_rounding" time="0.0005" />
  <!-- Feature 28: Draggable Canvas & Escape to Dismiss -->
  <testcase classname="TestTier1FloatingOverlay" name="test_t1_f28_01_mouse_drag_moves_overlay_geometry" time="0.0005" />
  <testcase classname="TestTier1FloatingOverlay" name="test_t1_f28_02_escape_key_dismisses_overlay" time="0.0005" />
  <testcase classname="TestTier1FloatingOverlay" name="test_t1_f28_03_reopening_after_escape_restores_position" time="0.0005" />
  <testcase classname="TestTier1FloatingOverlay" name="test_t1_f28_04_drag_constrained_to_virtual_desktop" time="0.0005" />
  <testcase classname="TestTier1FloatingOverlay" name="test_t1_f28_05_zero_delta_drag_leaves_position_intact" time="0.0005" />
  <!-- Feature 29: Embedded Chat & Dynamic Resize -->
  <testcase classname="TestTier1FloatingOverlay" name="test_t1_f29_01_messages_ui_embedded_in_overlay" time="0.0005" />
  <testcase classname="TestTier1FloatingOverlay" name="test_t1_f29_02_dynamic_resize_updates_message_viewport" time="0.0005" />
  <testcase classname="TestTier1FloatingOverlay" name="test_t1_f29_03_scroll_position_preserved_on_resize" time="0.0005" />
  <testcase classname="TestTier1FloatingOverlay" name="test_t1_f29_04_minimum_size_constraints_enforced" time="0.0005" />
  <testcase classname="TestTier1FloatingOverlay" name="test_t1_f29_05_incoming_message_renders_in_overlay" time="0.0005" />
  <!-- Feature 30: In-Meeting Chat Search -->
  <testcase classname="TestTier1FloatingOverlay" name="test_t1_f30_01_search_query_filters_messages" time="0.0005" />
  <testcase classname="TestTier1FloatingOverlay" name="test_t1_f30_02_case_insensitive_search_matching" time="0.0005" />
  <testcase classname="TestTier1FloatingOverlay" name="test_t1_f30_03_empty_search_query_returns_all" time="0.0005" />
  <testcase classname="TestTier1FloatingOverlay" name="test_t1_f30_04_no_matches_returns_empty_list" time="0.0005" />
  <testcase classname="TestTier1FloatingOverlay" name="test_t1_f30_05_search_cleared_on_escape" time="0.0005" />
  <!-- Feature 31: Entry-Time Chronological Grid Sorting -->
  <testcase classname="TestTier1SidebarAudio" name="test_t1_f31_01_grid_sorted_by_entry_time" time="0.0005" />
  <testcase classname="TestTier1SidebarAudio" name="test_t1_f31_02_new_participant_appended_at_end" time="0.0005" />
  <testcase classname="TestTier1SidebarAudio" name="test_t1_f31_03_equal_entry_time_tie_breaker" time="0.0005" />
  <testcase classname="TestTier1SidebarAudio" name="test_t1_f31_04_participant_departure_compacts_grid" time="0.0005" />
  <testcase classname="TestTier1SidebarAudio" name="test_t1_f31_05_pinned_peers_precede_chronological_unpinned" time="0.0005" />
  <!-- Feature 32: Alphabetical Sidebar Sorting -->
  <testcase classname="TestTier1SidebarAudio" name="test_t1_f32_01_sidebar_sorted_alphabetically" time="0.0005" />
  <testcase classname="TestTier1SidebarAudio" name="test_t1_f32_02_case_insensitive_alphabetical_sort" time="0.0005" />
  <testcase classname="TestTier1SidebarAudio" name="test_t1_f32_03_unicode_display_name_sorting" time="0.0005" />
  <testcase classname="TestTier1SidebarAudio" name="test_t1_f32_04_name_change_triggers_re_sort" time="0.0005" />
  <testcase classname="TestTier1SidebarAudio" name="test_t1_f32_05_sidebar_order_independent_of_grid_order" time="0.0005" />
  <!-- Feature 33: In-Call Sidebar Search Bar -->
  <testcase classname="TestTier1SidebarAudio" name="test_t1_f33_01_search_bar_layout_anchored_at_top" time="0.0005" />
  <testcase classname="TestTier1SidebarAudio" name="test_t1_f33_02_search_query_filters_participant_list" time="0.0005" />
  <testcase classname="TestTier1SidebarAudio" name="test_t1_f33_03_search_query_by_peer_id" time="0.0005" />
  <testcase classname="TestTier1SidebarAudio" name="test_t1_f33_04_empty_query_shows_all_alphabetical" time="0.0005" />
  <testcase classname="TestTier1SidebarAudio" name="test_t1_f33_05_search_bar_clear_button_resets_filter" time="0.0005" />
  <!-- Feature 34: Search Results Quick Actions -->
  <testcase classname="TestTier1SidebarAudio" name="test_t1_f34_01_pin_to_screen_action_from_search" time="0.0005" />
  <testcase classname="TestTier1SidebarAudio" name="test_t1_f34_02_open_chat_action_from_search" time="0.0005" />
  <testcase classname="TestTier1SidebarAudio" name="test_t1_f34_03_profile_action_from_search" time="0.0005" />
  <testcase classname="TestTier1SidebarAudio" name="test_t1_f34_04_quick_action_hover_state" time="0.0005" />
  <testcase classname="TestTier1SidebarAudio" name="test_t1_f34_05_action_invocation_dismisses_search_focus" time="0.0005" />
  <!-- Feature 35: Audio Lockout / Listen-Only Mode -->
  <testcase classname="TestTier1SidebarAudio" name="test_t1_f35_01_listen_only_mode_disables_mic_pipeline" time="0.0005" />
  <testcase classname="TestTier1SidebarAudio" name="test_t1_f35_02_zero_outgoing_audio_packets" time="0.0005" />
  <testcase classname="TestTier1SidebarAudio" name="test_t1_f35_03_sdp_recvonly_negotiation" time="0.0005" />
  <testcase classname="TestTier1SidebarAudio" name="test_t1_f35_04_incoming_audio_playout_unaffected" time="0.0005" />
  <testcase classname="TestTier1SidebarAudio" name="test_t1_f35_05_lockout_mode_persists_during_reconnect" time="0.0005" />
  <!-- Feature 36: Microphone Controls Removal -->
  <testcase classname="TestTier1SidebarAudio" name="test_t1_f36_01_mic_toggle_button_hidden_in_ui" time="0.0005" />
  <testcase classname="TestTier1SidebarAudio" name="test_t1_f36_02_onboarding_mic_tooltip_suppressed" time="0.0005" />
  <testcase classname="TestTier1SidebarAudio" name="test_t1_f36_03_spacebar_push_to_talk_suppressed" time="0.0005" />
  <testcase classname="TestTier1SidebarAudio" name="test_t1_f36_04_audio_settings_mic_selector_disabled" time="0.0005" />
  <testcase classname="TestTier1SidebarAudio" name="test_t1_f36_05_lockout_banner_displayed_in_call_ui" time="0.0005" />
  <!-- Feature 37: Permanent Listen-Only Invariant -->
  <testcase classname="TestTier1SidebarAudio" name="test_t1_f37_01_is_listen_only_constant_true" time="0.0005" />
  <testcase classname="TestTier1SidebarAudio" name="test_t1_f37_02_attempted_mic_unmute_intercepted_and_discarded" time="0.0005" />
  <testcase classname="TestTier1SidebarAudio" name="test_t1_f37_03_zero_mic_invariant_across_screen_share" time="0.0005" />
  <testcase classname="TestTier1SidebarAudio" name="test_t1_f37_04_network_packet_spy_verifies_zero_audio_emission" time="0.0005" />
  <testcase classname="TestTier1SidebarAudio" name="test_t1_f37_05_lockout_mode_lifecycle_termination_clean" time="0.0005" />
  <!-- Feature 38: Calls Submenu in Main Menu -->
  <testcase classname="TestTier1MenuPolish" name="test_t1_f38_01_calls_menu_item_has_submenu" time="0.0005" />
  <testcase classname="TestTier1MenuPolish" name="test_t1_f38_02_dynamic_group_calls_in_submenu" time="0.0005" />
  <testcase classname="TestTier1MenuPolish" name="test_t1_f38_03_calls_submenu_header_and_structure" time="0.0005" />
  <testcase classname="TestTier1MenuPolish" name="test_t1_f38_04_start_call_action_presence" time="0.0005" />
  <testcase classname="TestTier1MenuPolish" name="test_t1_f38_05_call_history_action_presence" time="0.0005" />
  <!-- Feature 39: Wallet Entry with NEW Badge -->
  <testcase classname="TestTier1MenuPolish" name="test_t1_f39_01_wallet_item_position_under_profile" time="0.0005" />
  <testcase classname="TestTier1MenuPolish" name="test_t1_f39_02_wallet_item_green_new_badge" time="0.0005" />
  <testcase classname="TestTier1MenuPolish" name="test_t1_f39_03_wallet_item_icon" time="0.0005" />
  <testcase classname="TestTier1MenuPolish" name="test_t1_f39_04_support_mode_hides_wallet" time="0.0005" />
  <testcase classname="TestTier1MenuPolish" name="test_t1_f39_05_main_menu_order_integrity" time="0.0005" />
  <!-- Feature 40: Wide/Grid Obstructing Button Cleanup -->
  <testcase classname="TestTier1MenuPolish" name="test_t1_f40_01_wide_mode_hides_center_buttons" time="0.0005" />
  <testcase classname="TestTier1MenuPolish" name="test_t1_f40_02_grid_mode_hides_center_buttons" time="0.0005" />
  <testcase classname="TestTier1MenuPolish" name="test_t1_f40_03_narrow_mode_restores_center_buttons" time="0.0005" />
  <testcase classname="TestTier1MenuPolish" name="test_t1_f40_04_unobstructed_video_canvas_area" time="0.0005" />
  <testcase classname="TestTier1MenuPolish" name="test_t1_f40_05_mode_transition_idempotency" time="0.0005" />
  <!-- Feature 41: Titlebar Close Wired to Hangup -->
  <testcase classname="TestTier1MenuPolish" name="test_t1_f41_01_titlebar_close_triggers_hangup" time="0.0005" />
  <testcase classname="TestTier1MenuPolish" name="test_t1_f41_02_hangup_dispatches_clean_disconnect" time="0.0005" />
  <testcase classname="TestTier1MenuPolish" name="test_t1_f41_03_titlebar_close_in_grid_mode" time="0.0005" />
  <testcase classname="TestTier1MenuPolish" name="test_t1_f41_04_titlebar_close_in_wide_mode" time="0.0005" />
  <testcase classname="TestTier1MenuPolish" name="test_t1_f41_05_no_secondary_confirmation_on_direct_close" time="0.0005" />
  <!-- Feature 42: Screen Share & Message Toggle Icons -->
  <testcase classname="TestTier1MenuPolish" name="test_t1_f42_01_screen_share_icon_vector_asset" time="0.0005" />
  <testcase classname="TestTier1MenuPolish" name="test_t1_f42_02_message_toggle_icon_vector_asset" time="0.0005" />
  <testcase classname="TestTier1MenuPolish" name="test_t1_f42_03_active_state_icon_tint" time="0.0005" />
  <testcase classname="TestTier1MenuPolish" name="test_t1_f42_04_inactive_state_icon_tint" time="0.0005" />
  <testcase classname="TestTier1MenuPolish" name="test_t1_f42_05_icon_dimensions_conformance" time="0.0005" />
  <!-- Feature 43: Multi-Pin Hover Controls -->
  <testcase classname="TestTier1MenuPolish" name="test_t1_f43_01_hover_controls_rendered_on_pinned_tile" time="0.0005" />
  <testcase classname="TestTier1MenuPolish" name="test_t1_f43_02_pin_toggle_button_on_hover" time="0.0005" />
  <testcase classname="TestTier1MenuPolish" name="test_t1_f43_03_hover_controls_fade_out_delay" time="0.0005" />
  <testcase classname="TestTier1MenuPolish" name="test_t1_f43_04_hover_controls_click_target_isolation" time="0.0005" />
  <testcase classname="TestTier1MenuPolish" name="test_t1_f43_05_multi_tile_simultaneous_hover_guard" time="0.0005" />
  <!-- Feature 44: Window-Level Ctrl+Shift+T Key Handler -->
  <testcase classname="TestTier1MenuPolish" name="test_t1_f44_01_window_level_event_filter_registration" time="0.0005" />
  <testcase classname="TestTier1MenuPolish" name="test_t1_f44_02_window_level_shortcut_works_unfocused" time="0.0005" />
  <testcase classname="TestTier1MenuPolish" name="test_t1_f44_03_no_conflict_with_browser_or_editor_hotkeys" time="0.0005" />
  <testcase classname="TestTier1MenuPolish" name="test_t1_f44_04_modifier_mask_exact_match" time="0.0005" />
  <testcase classname="TestTier1MenuPolish" name="test_t1_f44_05_window_minimize_preserves_shortcut_hook" time="0.0005" />
  <!-- Feature 45: Rich Tasks (Checklist Items) -->
  <testcase classname="TestTier1ContextEngineBuild" name="test_t1_f45_01_checklist_markdown_parsing" time="0.0006" />
  <testcase classname="TestTier1ContextEngineBuild" name="test_t1_f45_02_item_toggle_optimistic_update" time="0.0006" />
  <testcase classname="TestTier1ContextEngineBuild" name="test_t1_f45_03_debounce_timer_1000ms_window" time="0.0006" />
  <testcase classname="TestTier1ContextEngineBuild" name="test_t1_f45_04_dirty_rescheduling_on_rapid_toggles" time="0.0006" />
  <testcase classname="TestTier1ContextEngineBuild" name="test_t1_f45_05_failure_rollback_on_network_error" time="0.0006" />
  <!-- Feature 46: Cross-UI Pin to Grid Actions -->
  <testcase classname="TestTier1ContextEngineBuild" name="test_t1_f46_01_history_context_menu_pin_action" time="0.0005" />
  <testcase classname="TestTier1ContextEngineBuild" name="test_t1_f46_02_view_menu_pin_action" time="0.0005" />
  <testcase classname="TestTier1ContextEngineBuild" name="test_t1_f46_03_search_menu_pin_action" time="0.0005" />
  <testcase classname="TestTier1ContextEngineBuild" name="test_t1_f46_04_cross_ui_pin_synchronization" time="0.0005" />
  <testcase classname="TestTier1ContextEngineBuild" name="test_t1_f46_05_pin_action_label_toggle" time="0.0005" />
  <!-- Feature 47: Screen Target Pinning Prompt -->
  <testcase classname="TestTier1ContextEngineBuild" name="test_t1_f47_01_prompt_displayed_for_multi_screen" time="0.0005" />
  <testcase classname="TestTier1ContextEngineBuild" name="test_t1_f47_02_prompt_direct_routing_screen_1" time="0.0005" />
  <testcase classname="TestTier1ContextEngineBuild" name="test_t1_f47_03_prompt_direct_routing_screen_2" time="0.0005" />
  <testcase classname="TestTier1ContextEngineBuild" name="test_t1_f47_04_dialog_dismissal_preserves_current_pins" time="0.0005" />
  <testcase classname="TestTier1ContextEngineBuild" name="test_t1_f47_05_single_screen_bypasses_prompt" time="0.0005" />
  <!-- Feature 48: Stream Thumbnail Unpin Action Dialog -->
  <testcase classname="TestTier1ContextEngineBuild" name="test_t1_f48_01_thumbnail_unpin_context_menu" time="0.0005" />
  <testcase classname="TestTier1ContextEngineBuild" name="test_t1_f48_02_thumbnail_unpin_confirmation_dialog" time="0.0005" />
  <testcase classname="TestTier1ContextEngineBuild" name="test_t1_f48_03_thumbnail_unpin_restores_dynamic_grid" time="0.0005" />
  <testcase classname="TestTier1ContextEngineBuild" name="test_t1_f48_04_unpin_dialog_cancel_action" time="0.0005" />
  <testcase classname="TestTier1ContextEngineBuild" name="test_t1_f48_05_secondary_screen_thumbnail_unpin" time="0.0005" />
  <!-- Feature 49: Central Call & State Controller -->
  <testcase classname="TestTier1ContextEngineBuild" name="test_t1_f49_01_controller_manages_participants_cache" time="0.0005" />
  <testcase classname="TestTier1ContextEngineBuild" name="test_t1_f49_02_controller_enforces_zero_mic" time="0.0005" />
  <testcase classname="TestTier1ContextEngineBuild" name="test_t1_f49_03_controller_tracks_active_speaker" time="0.0005" />
  <testcase classname="TestTier1ContextEngineBuild" name="test_t1_f49_04_controller_participant_departure_cleanup" time="0.0005" />
  <testcase classname="TestTier1ContextEngineBuild" name="test_t1_f49_05_controller_lifecycle_state_transitions" time="0.0005" />
  <!-- Feature 50: Simulcast Upscaling Signaling -->
  <testcase classname="TestTier1ContextEngineBuild" name="test_t1_f50_01_pinned_endpoint_signals_high_spatial_layer" time="0.0005" />
  <testcase classname="TestTier1ContextEngineBuild" name="test_t1_f50_02_unpinned_endpoint_reverts_to_low_spatial_layer" time="0.0005" />
  <testcase classname="TestTier1ContextEngineBuild" name="test_t1_f50_03_multiple_pinned_endpoints_upscaling" time="0.0005" />
  <testcase classname="TestTier1ContextEngineBuild" name="test_t1_f50_04_bandwidth_constrained_upscale_fallback" time="0.0005" />
  <testcase classname="TestTier1ContextEngineBuild" name="test_t1_f50_05_participant_leave_clears_upscale_signal" time="0.0005" />
  <!-- Feature 51: Active-Speaker Hysteresis -->
  <testcase classname="TestTier1ContextEngineBuild" name="test_t1_f51_01_hysteresis_suppresses_rapid_flapping" time="0.0005" />
  <testcase classname="TestTier1ContextEngineBuild" name="test_t1_f51_02_speaker_switch_allowed_after_hysteresis_window" time="0.0005" />
  <testcase classname="TestTier1ContextEngineBuild" name="test_t1_f51_03_same_speaker_repetition_always_allowed" time="0.0005" />
  <testcase classname="TestTier1ContextEngineBuild" name="test_t1_f51_04_configurable_hysteresis_threshold" time="0.0005" />
  <testcase classname="TestTier1ContextEngineBuild" name="test_t1_f51_05_silence_preserves_last_active_speaker" time="0.0005" />
  <!-- Feature 52: TrackPeer & Endpoint Routing Cleanup -->
  <testcase classname="TestTier1ContextEngineBuild" name="test_t1_f52_01_track_peer_binding_resolution" time="0.0005" />
  <testcase classname="TestTier1ContextEngineBuild" name="test_t1_f52_02_endpoint_route_recycling_on_leave" time="0.0005" />
  <testcase classname="TestTier1ContextEngineBuild" name="test_t1_f52_03_orphan_track_detection" time="0.0005" />
  <testcase classname="TestTier1ContextEngineBuild" name="test_t1_f52_04_track_peer_reassignment_on_rejoin" time="0.0005" />
  <testcase classname="TestTier1ContextEngineBuild" name="test_t1_f52_05_concurrent_multi_endpoint_routing" time="0.0005" />
  <!-- Feature 53: SQLite PRAGMA Optimizations (C1) -->
  <testcase classname="TestTier1ContextEngineBuild" name="test_t1_f53_01_wal_journal_mode_execution" time="0.0005" />
  <testcase classname="TestTier1ContextEngineBuild" name="test_t1_f53_02_mmap_size_256mb_execution" time="0.0005" />
  <testcase classname="TestTier1ContextEngineBuild" name="test_t1_f53_03_synchronous_normal_execution" time="0.0005" />
  <testcase classname="TestTier1ContextEngineBuild" name="test_t1_f53_04_cache_size_64mb_execution" time="0.0005" />
  <testcase classname="TestTier1ContextEngineBuild" name="test_t1_f53_05_temp_store_memory_execution" time="0.0005" />
  <!-- Feature 54: WebRTC Playout Delay & Jitter Clamping (A1) -->
  <testcase classname="TestTier1ContextEngineBuild" name="test_t1_f54_01_min_playout_delay_clamped_to_50ms" time="0.0005" />
  <testcase classname="TestTier1ContextEngineBuild" name="test_t1_f54_02_fast_accelerate_on_high_jitter" time="0.0006" />
  <testcase classname="TestTier1ContextEngineBuild" name="test_t1_f54_03_max_playout_delay_ceiling" time="0.0005" />
  <testcase classname="TestTier1ContextEngineBuild" name="test_t1_f54_04_audio_packet_drain_sequence" time="0.0005" />
  <testcase classname="TestTier1ContextEngineBuild" name="test_t1_f54_05_jitter_recovery_resets_fast_accelerate" time="0.0005" />
  <!-- Feature 55: Windows Native Build Guide -->
  <testcase classname="TestTier1ContextEngineBuild" name="test_t1_f55_01_build_guide_document_exists" time="0.0005" />
  <testcase classname="TestTier1ContextEngineBuild" name="test_t1_f55_02_build_guide_vs2022_requirement" time="0.0005" />
  <testcase classname="TestTier1ContextEngineBuild" name="test_t1_f55_03_build_guide_qt6_version" time="0.0005" />
  <testcase classname="TestTier1ContextEngineBuild" name="test_t1_f55_04_build_guide_cmake_instructions" time="0.0005" />
  <testcase classname="TestTier1ContextEngineBuild" name="test_t1_f55_05_build_guide_directory_layout" time="0.0005" />
  <!-- Feature 56: CMakeLists.txt Source Synchronization -->
  <testcase classname="TestTier1ContextEngineBuild" name="test_t1_f56_01_cmakelists_contains_core_targets" time="0.0005" />
  <testcase classname="TestTier1ContextEngineBuild" name="test_t1_f56_02_new_source_files_registered" time="0.0005" />
  <testcase classname="TestTier1ContextEngineBuild" name="test_t1_f56_03_no_duplicate_source_entries" time="0.0005" />
  <testcase classname="TestTier1ContextEngineBuild" name="test_t1_f56_04_target_include_directories_conformance" time="0.0005" />
  <testcase classname="TestTier1ContextEngineBuild" name="test_t1_f56_05_platform_conditional_source_split" time="0.0005" />
  <!-- Feature 57: Fork Localization Language Keys -->
  <testcase classname="TestTier1ContextEngineBuild" name="test_t1_f57_01_lng_group_call_open_chat_key" time="0.0005" />
  <testcase classname="TestTier1ContextEngineBuild" name="test_t1_f57_02_lng_group_call_context_pin_to_grid_key" time="0.0005" />
  <testcase classname="TestTier1ContextEngineBuild" name="test_t1_f57_03_lng_call_box_groupcalls_subtitle_key" time="0.0005" />
  <testcase classname="TestTier1ContextEngineBuild" name="test_t1_f57_04_lng_confcall_create_call_key" time="0.0005" />
  <testcase classname="TestTier1ContextEngineBuild" name="test_t1_f57_05_localization_keys_no_empty_values" time="0.0005" />

  <!-- Tier 2: Boundary & Corner Cases (285 tests) -->
  <!-- Feature 1 Boundaries -->
  <testcase classname="TestTier2PrivacyNetworkBoundaries" name="test_t2_f01_01_read_request_with_zero_max_id" time="0.0006" />
  <testcase classname="TestTier2PrivacyNetworkBoundaries" name="test_t2_f01_02_rapid_toggle_under_high_inbox_flux" time="0.0015" />
  <testcase classname="TestTier2PrivacyNetworkBoundaries" name="test_t2_f01_03_negative_or_corrupt_peer_id_handling" time="0.0006" />
  <testcase classname="TestTier2PrivacyNetworkBoundaries" name="test_t2_f01_04_huge_batch_unread_suppression" time="0.0011" />
  <testcase classname="TestTier2PrivacyNetworkBoundaries" name="test_t2_f01_05_reconnect_boundary_suppression" time="0.0006" />
  <!-- Feature 2 Boundaries -->
  <testcase classname="TestTier2PrivacyNetworkBoundaries" name="test_t2_f02_01_corrupt_stream_deserialization_safety" time="0.0006" />
  <testcase classname="TestTier2PrivacyNetworkBoundaries" name="test_t2_f02_02_oversized_stream_trailing_garbage" time="0.0006" />
  <testcase classname="TestTier2PrivacyNetworkBoundaries" name="test_t2_f02_03_zero_byte_empty_stream_fallback" time="0.0006" />
  <testcase classname="TestTier2PrivacyNetworkBoundaries" name="test_t2_f02_04_rapid_repeated_serialization_roundtrips" time="0.0035" />
  <testcase classname="TestTier2PrivacyNetworkBoundaries" name="test_t2_f02_05_extreme_window_dimensions_with_ghost_mode" time="0.0006" />
  <!-- Feature 3 Boundaries -->
  <testcase classname="TestTier2PrivacyNetworkBoundaries" name="test_t2_f03_01_all_sessions_zero_byte_load_tiebreak" time="0.0006" />
  <testcase classname="TestTier2PrivacyNetworkBoundaries" name="test_t2_f03_02_max_session_saturation_beyond_16" time="0.0012" />
  <testcase classname="TestTier2PrivacyNetworkBoundaries" name="test_t2_f03_03_cascade_timeout_drain_to_min_floor" time="0.0011" />
  <testcase classname="TestTier2PrivacyNetworkBoundaries" name="test_t2_f03_04_massive_chunk_load_byte_overflow" time="0.0006" />
  <testcase classname="TestTier2PrivacyNetworkBoundaries" name="test_t2_f03_05_dc_id_boundary_values" time="0.0006" />
  <!-- Feature 4 Boundaries -->
  <testcase classname="TestTier2CallsUIBoundaries" name="test_t2_f04_01_rapid_oscillating_grid_mode_toggles" time="0.0012" />
  <testcase classname="TestTier2CallsUIBoundaries" name="test_t2_f04_02_grid_toggle_during_zero_participant_call" time="0.0005" />
  <testcase classname="TestTier2CallsUIBoundaries" name="test_t2_f04_03_grid_toggle_under_forced_wide_mode" time="0.0005" />
  <testcase classname="TestTier2CallsUIBoundaries" name="test_t2_f04_04_grid_mode_state_persistence_across_reconnect" time="0.0005" />
  <testcase classname="TestTier2CallsUIBoundaries" name="test_t2_f04_05_grid_toggle_extreme_viewport_aspect_ratio" time="0.0005" />
  <!-- Feature 5 Boundaries -->
  <testcase classname="TestTier2CallsUIBoundaries" name="test_t2_f05_01_chat_panel_rapid_open_close_cycles" time="0.0008" />
  <testcase classname="TestTier2CallsUIBoundaries" name="test_t2_f05_02_chat_panel_open_in_narrow_mode" time="0.0005" />
  <testcase classname="TestTier2CallsUIBoundaries" name="test_t2_f05_03_chat_panel_open_in_grid_mode" time="0.0005" />
  <testcase classname="TestTier2CallsUIBoundaries" name="test_t2_f05_04_chat_panel_zero_opacity_clamped" time="0.0005" />
  <testcase classname="TestTier2CallsUIBoundaries" name="test_t2_f05_05_chat_panel_excess_messages_scroll_boundary" time="0.0005" />
  <!-- Feature 6 Boundaries -->
  <testcase classname="TestTier2CallsUIBoundaries" name="test_t2_f06_01_end_call_clicked_during_call_setup" time="0.0005" />
  <testcase classname="TestTier2CallsUIBoundaries" name="test_t2_f06_02_hover_controls_rapid_mouse_jitter" time="0.0005" />
  <testcase classname="TestTier2CallsUIBoundaries" name="test_t2_f06_03_end_call_at_screen_bounds_edge" time="0.0005" />
  <testcase classname="TestTier2CallsUIBoundaries" name="test_t2_f06_04_zero_duration_call_termination" time="0.0005" />
  <testcase classname="TestTier2CallsUIBoundaries" name="test_t2_f06_05_multiple_simultaneous_hangup_signals" time="0.0005" />
  <!-- Feature 7 Boundaries -->
  <testcase classname="TestTier2CallsUIBoundaries" name="test_t2_f07_01_add_remove_participant_rapid_flux" time="0.0007" />
  <testcase classname="TestTier2CallsUIBoundaries" name="test_t2_f07_02_video_resolution_boundary_4k_and_tiny" time="0.0005" />
  <testcase classname="TestTier2CallsUIBoundaries" name="test_t2_f07_03_camera_toggle_no_hardware_fallback" time="0.0005" />
  <testcase classname="TestTier2CallsUIBoundaries" name="test_t2_f07_04_participant_counter_zero_floor" time="0.0005" />
  <testcase classname="TestTier2CallsUIBoundaries" name="test_t2_f07_05_duplicate_participant_id_update" time="0.0005" />
  <!-- Feature 8 Boundaries -->
  <testcase classname="TestTier2CallsUIBoundaries" name="test_t2_f08_01_icon_button_zero_size_guard" time="0.0005" />
  <testcase classname="TestTier2CallsUIBoundaries" name="test_t2_f08_02_icon_button_extreme_dpi_scaling" time="0.0005" />
  <testcase classname="TestTier2CallsUIBoundaries" name="test_t2_f08_03_icon_button_rapid_click_throttling" time="0.0005" />
  <testcase classname="TestTier2CallsUIBoundaries" name="test_t2_f08_04_icon_button_null_icon_fallback" time="0.0005" />
  <testcase classname="TestTier2CallsUIBoundaries" name="test_t2_f08_05_icon_button_palette_reload" time="0.0005" />
  <!-- Feature 9 Boundaries -->
  <testcase classname="TestTier2CallsUIBoundaries" name="test_t2_f09_01_invalid_hex_color_string_fallback" time="0.0005" />
  <testcase classname="TestTier2CallsUIBoundaries" name="test_t2_f09_02_rgba_transparency_ripple_blending" time="0.0005" />
  <testcase classname="TestTier2CallsUIBoundaries" name="test_t2_f09_03_ripple_radius_zero_boundary" time="0.0005" />
  <testcase classname="TestTier2CallsUIBoundaries" name="test_t2_f09_04_high_contrast_theme_override" time="0.0005" />
  <testcase classname="TestTier2CallsUIBoundaries" name="test_t2_f09_05_ripple_animation_overflow_clamp" time="0.0005" />
  <!-- Feature 10 Boundaries -->
  <testcase classname="TestTier2CallsUIBoundaries" name="test_t2_f10_01_pip_hidden_with_single_audio_only_participant" time="0.0005" />
  <testcase classname="TestTier2CallsUIBoundaries" name="test_t2_f10_02_pip_hidden_with_screen_share_stream" time="0.0005" />
  <testcase classname="TestTier2CallsUIBoundaries" name="test_t2_f10_03_pip_hidden_across_50_participants" time="0.0006" />
  <testcase classname="TestTier2CallsUIBoundaries" name="test_t2_f10_04_pip_hidden_in_full_screen_mode" time="0.0005" />
  <testcase classname="TestTier2CallsUIBoundaries" name="test_t2_f10_05_pip_hidden_under_rapid_camera_switch" time="0.0005" />
  <!-- Feature 11 Boundaries -->
  <testcase classname="TestTier2MultiDisplayBoundaries" name="test_t2_f11_01_stage_window_on_portrait_monitor" time="0.0005" />
  <testcase classname="TestTier2MultiDisplayBoundaries" name="test_t2_f11_02_stage_window_on_4k_display" time="0.0005" />
  <testcase classname="TestTier2MultiDisplayBoundaries" name="test_t2_f11_03_stage_window_negative_virtual_coordinates" time="0.0005" />
  <testcase classname="TestTier2MultiDisplayBoundaries" name="test_t2_f11_04_rapid_plug_unplug_display_stress" time="0.0006" />
  <testcase classname="TestTier2MultiDisplayBoundaries" name="test_t2_f11_05_stage_window_minimized_state_handling" time="0.0005" />
  <!-- Feature 12 Boundaries -->
  <testcase classname="TestTier2MultiDisplayBoundaries" name="test_t2_f12_01_prompt_with_6_connected_screens" time="0.0005" />
  <testcase classname="TestTier2MultiDisplayBoundaries" name="test_t2_f12_02_prompt_selection_out_of_range_fallback" time="0.0005" />
  <testcase classname="TestTier2MultiDisplayBoundaries" name="test_t2_f12_03_prompt_target_monitor_unplugged_mid_prompt" time="0.0005" />
  <testcase classname="TestTier2MultiDisplayBoundaries" name="test_t2_f12_04_dual_prompt_rapid_consecutive_invocations" time="0.0005" />
  <testcase classname="TestTier2MultiDisplayBoundaries" name="test_t2_f12_05_prompt_remember_choice_per_peer" time="0.0005" />
  <!-- Feature 13 Boundaries -->
  <testcase classname="TestTier2MultiDisplayBoundaries" name="test_t2_f13_01_all_screens_assigned_same_role" time="0.0005" />
  <testcase classname="TestTier2MultiDisplayBoundaries" name="test_t2_f13_02_unknown_role_string_fallback" time="0.0005" />
  <testcase classname="TestTier2MultiDisplayBoundaries" name="test_t2_f13_03_primary_monitor_role_immutable" time="0.0005" />
  <testcase classname="TestTier2MultiDisplayBoundaries" name="test_t2_f13_04_zero_screens_connected_fallback" time="0.0005" />
  <testcase classname="TestTier2MultiDisplayBoundaries" name="test_t2_f13_05_role_router_screen_geometry_change" time="0.0005" />
  <!-- Feature 14 Boundaries -->
  <testcase classname="TestTier2MultiDisplayBoundaries" name="test_t2_f14_01_routing_100_video_frames_burst" time="0.0005" />
  <testcase classname="TestTier2MultiDisplayBoundaries" name="test_t2_f14_02_routing_to_destroyed_screen_sink_drop" time="0.0005" />
  <testcase classname="TestTier2MultiDisplayBoundaries" name="test_t2_f14_03_async_routing_zero_fps_static_slide" time="0.0005" />
  <testcase classname="TestTier2MultiDisplayBoundaries" name="test_t2_f14_04_async_routing_codec_switch_mid_stream" time="0.0005" />
  <testcase classname="TestTier2MultiDisplayBoundaries" name="test_t2_f14_05_concurrent_dual_screen_pinning_same_feed" time="0.0005" />
  <!-- Feature 15 Boundaries -->
  <testcase classname="TestTier2MultiDisplayBoundaries" name="test_t2_f15_01_active_speaker_hijacking_disabled_with_50_speakers" time="0.0008" />
  <testcase classname="TestTier2MultiDisplayBoundaries" name="test_t2_f15_02_isolation_with_null_pinned_feed" time="0.0005" />
  <testcase classname="TestTier2MultiDisplayBoundaries" name="test_t2_f15_03_isolation_toggle_runtime_switch" time="0.0005" />
  <testcase classname="TestTier2MultiDisplayBoundaries" name="test_t2_f15_04_departure_of_secondary_pinned_peer" time="0.0005" />
  <testcase classname="TestTier2MultiDisplayBoundaries" name="test_t2_f15_05_isolation_under_extreme_audio_levels" time="0.0005" />
  <!-- Feature 16 Boundaries -->
  <testcase classname="TestTier2GridPinBoundaries" name="test_t2_f16_01_invalid_slot_count_exception" time="0.0005" />
  <testcase classname="TestTier2GridPinBoundaries" name="test_t2_f16_02_zero_participants_in_preset" time="0.0005" />
  <testcase classname="TestTier2GridPinBoundaries" name="test_t2_f16_03_zero_dimension_viewport_preset" time="0.0005" />
  <testcase classname="TestTier2GridPinBoundaries" name="test_t2_f16_04_skip_margin_larger_than_viewport" time="0.0005" />
  <testcase classname="TestTier2GridPinBoundaries" name="test_t2_f16_05_overflow_participants_exact_empty_geometry" time="0.0006" />
  <!-- Feature 17 Boundaries -->
  <testcase classname="TestTier2GridPinBoundaries" name="test_t2_f17_01_odd_pixel_width_50_50_split" time="0.0005" />
  <testcase classname="TestTier2GridPinBoundaries" name="test_t2_f17_02_dynamic_zero_participants" time="0.0005" />
  <testcase classname="TestTier2GridPinBoundaries" name="test_t2_f17_03_dynamic_negative_participants" time="0.0005" />
  <testcase classname="TestTier2GridPinBoundaries" name="test_t2_f17_04_skip_margin_zero_50_50" time="0.0005" />
  <testcase classname="TestTier2GridPinBoundaries" name="test_t2_f17_05_extreme_height_aspect_ratio_split" time="0.0005" />
  <!-- Feature 18 Boundaries -->
  <testcase classname="TestTier2GridPinBoundaries" name="test_t2_f18_01_uncapped_64_participants_scaling" time="0.0028" />
  <testcase classname="TestTier2GridPinBoundaries" name="test_t2_f18_02_prime_number_participants_13" time="0.0006" />
  <testcase classname="TestTier2GridPinBoundaries" name="test_t2_f18_03_prime_number_participants_37" time="0.0014" />
  <testcase classname="TestTier2GridPinBoundaries" name="test_t2_f18_04_micro_viewport_100x100_uncapped" time="0.0005" />
  <testcase classname="TestTier2GridPinBoundaries" name="test_t2_f18_05_ultra_high_resolution_8k_uncapped" time="0.0007" />
  <!-- Feature 19 Boundaries -->
  <testcase classname="TestTier2GridPinBoundaries" name="test_t2_f19_01_unpin_nonexistent_endpoint_no_op" time="0.0005" />
  <testcase classname="TestTier2GridPinBoundaries" name="test_t2_f19_02_pin_and_rapid_shuffle_of_participants" time="0.0005" />
  <testcase classname="TestTier2GridPinBoundaries" name="test_t2_f19_03_all_participants_pinned_order" time="0.0005" />
  <testcase classname="TestTier2GridPinBoundaries" name="test_t2_f19_04_empty_all_participants_with_pins" time="0.0005" />
  <testcase classname="TestTier2GridPinBoundaries" name="test_t2_f19_05_unpin_all_endpoints" time="0.0005" />
  <!-- Feature 20 Boundaries -->
  <testcase classname="TestTier2GridPinBoundaries" name="test_t2_f20_01_splitter_ratio_clamped_to_min_10" time="0.0005" />
  <testcase classname="TestTier2GridPinBoundaries" name="test_t2_f20_02_splitter_ratio_clamped_to_max_90" time="0.0005" />
  <testcase classname="TestTier2GridPinBoundaries" name="test_t2_f20_03_pinned_feeds_beyond_9_handling" time="0.0005" />
  <testcase classname="TestTier2GridPinBoundaries" name="test_t2_f20_04_splitter_resizing_during_call" time="0.0005" />
  <testcase classname="TestTier2GridPinBoundaries" name="test_t2_f20_05_pinned_auto_scaling_zero_unpinned_feeds" time="0.0005" />
  <!-- Feature 21 Boundaries -->
  <testcase classname="TestTier2GridPinBoundaries" name="test_t2_f21_01_multi_pin_up_to_max_capacity" time="0.0005" />
  <testcase classname="TestTier2GridPinBoundaries" name="test_t2_f21_02_toggle_pin_stress_100_cycles" time="0.0007" />
  <testcase classname="TestTier2GridPinBoundaries" name="test_t2_f21_03_multi_pin_clear_all_action" time="0.0005" />
  <testcase classname="TestTier2GridPinBoundaries" name="test_t2_f21_04_multi_pin_preserves_insertion_order" time="0.0005" />
  <testcase classname="TestTier2GridPinBoundaries" name="test_t2_f21_05_multi_pin_with_duplicate_calls" time="0.0005" />
  <!-- Feature 22 Boundaries -->
  <testcase classname="TestTier2GridPinBoundaries" name="test_t2_f22_01_splitter_drag_boundary_precision" time="0.0005" />
  <testcase classname="TestTier2GridPinBoundaries" name="test_t2_f22_02_splitter_negative_delta_drag" time="0.0005" />
  <testcase classname="TestTier2GridPinBoundaries" name="test_t2_f22_03_splitter_overflow_delta_drag" time="0.0005" />
  <testcase classname="TestTier2GridPinBoundaries" name="test_t2_f22_04_splitter_default_50_ratio" time="0.0005" />
  <testcase classname="TestTier2GridPinBoundaries" name="test_t2_f22_05_splitter_reset_to_default_on_double_click" time="0.0005" />
  <!-- Feature 23 Boundaries -->
  <testcase classname="TestTier2GridPinBoundaries" name="test_t2_f23_01_unpin_first_element_shifts_rest" time="0.0005" />
  <testcase classname="TestTier2GridPinBoundaries" name="test_t2_f23_02_unpin_last_element_leaves_prefix_intact" time="0.0005" />
  <testcase classname="TestTier2GridPinBoundaries" name="test_t2_f23_03_unpin_middle_element_compacts" time="0.0005" />
  <testcase classname="TestTier2GridPinBoundaries" name="test_t2_f23_04_rapid_pin_unpin_cycle" time="0.0005" />
  <testcase classname="TestTier2GridPinBoundaries" name="test_t2_f23_05_unpin_action_idempotency" time="0.0005" />
  <!-- Feature 24 Boundaries -->
  <testcase classname="TestTier2GridPinBoundaries" name="test_t2_f24_01_pin_action_with_special_characters_in_name" time="0.0005" />
  <testcase classname="TestTier2GridPinBoundaries" name="test_t2_f24_02_context_menu_pin_already_pinned_shows_unpin" time="0.0005" />
  <testcase classname="TestTier2GridPinBoundaries" name="test_t2_f24_03_context_menu_unpin_updates_label" time="0.0005" />
  <testcase classname="TestTier2GridPinBoundaries" name="test_t2_f24_04_context_menu_pin_during_call_transition" time="0.0005" />
  <testcase classname="TestTier2GridPinBoundaries" name="test_t2_f24_05_context_menu_multiple_peers_batch_pin" time="0.0005" />
  <!-- Feature 25 Boundaries -->
  <testcase classname="TestTier2FloatingOverlayBoundaries" name="test_t2_f25_01_overlay_min_opacity_clamp_boundary" time="0.0006" />
  <testcase classname="TestTier2FloatingOverlayBoundaries" name="test_t2_f25_02_overlay_max_opacity_clamp_boundary" time="0.0006" />
  <testcase classname="TestTier2FloatingOverlayBoundaries" name="test_t2_f25_03_zero_dimension_window_clamped" time="0.0005" />
  <testcase classname="TestTier2FloatingOverlayBoundaries" name="test_t2_f25_04_mouse_passthrough_toggle_cycles" time="0.0005" />
  <testcase classname="TestTier2FloatingOverlayBoundaries" name="test_t2_f25_05_overlay_creation_with_translucent_attribute" time="0.0005" />
  <!-- Feature 26 Boundaries -->
  <testcase classname="TestTier2FloatingOverlayBoundaries" name="test_t2_f26_01_rapid_500_keyboard_toggles" time="0.0028" />
  <testcase classname="TestTier2FloatingOverlayBoundaries" name="test_t2_f26_02_toggle_with_active_modal_dialog" time="0.0005" />
  <testcase classname="TestTier2FloatingOverlayBoundaries" name="test_t2_f26_03_toggle_while_minimized" time="0.0005" />
  <testcase classname="TestTier2FloatingOverlayBoundaries" name="test_t2_f26_04_shortcut_with_caps_lock_active" time="0.0005" />
  <testcase classname="TestTier2FloatingOverlayBoundaries" name="test_t2_f26_05_shortcut_re_registration_after_reconnect" time="0.0005" />
  <!-- Feature 27 Boundaries -->
  <testcase classname="TestTier2FloatingOverlayBoundaries" name="test_t2_f27_01_fractional_wheel_delta_step" time="0.0005" />
  <testcase classname="TestTier2FloatingOverlayBoundaries" name="test_t2_f27_02_large_wheel_delta_burst" time="0.0005" />
  <testcase classname="TestTier2FloatingOverlayBoundaries" name="test_t2_f27_03_zero_delta_wheel_no_op" time="0.0005" />
  <testcase classname="TestTier2FloatingOverlayBoundaries" name="test_t2_f27_04_rapid_wheel_reversal" time="0.0005" />
  <testcase classname="TestTier2FloatingOverlayBoundaries" name="test_t2_f27_05_opacity_precision_no_floating_drift" time="0.0007" />
  <!-- Feature 28 Boundaries -->
  <testcase classname="TestTier2FloatingOverlayBoundaries" name="test_t2_f28_01_negative_coordinate_drag" time="0.0005" />
  <testcase classname="TestTier2FloatingOverlayBoundaries" name="test_t2_f28_02_escape_when_already_hidden_is_no_op" time="0.0005" />
  <testcase classname="TestTier2FloatingOverlayBoundaries" name="test_t2_f28_03_drag_across_multi_monitor_boundary" time="0.0005" />
  <testcase classname="TestTier2FloatingOverlayBoundaries" name="test_t2_f28_04_drag_with_massive_pixel_delta" time="0.0005" />
  <testcase classname="TestTier2FloatingOverlayBoundaries" name="test_t2_f28_05_escape_cancels_active_drag" time="0.0005" />
  <!-- Feature 29 Boundaries -->
  <testcase classname="TestTier2FloatingOverlayBoundaries" name="test_t2_f29_01_resize_to_huge_4k_dimensions" time="0.0005" />
  <testcase classname="TestTier2FloatingOverlayBoundaries" name="test_t2_f29_02_empty_chat_messages_rendering" time="0.0005" />
  <testcase classname="TestTier2FloatingOverlayBoundaries" name="test_t2_f29_03_high_throughput_incoming_chat_burst" time="0.0008" />
  <testcase classname="TestTier2FloatingOverlayBoundaries" name="test_t2_f29_04_resize_during_active_message_input" time="0.0005" />
  <testcase classname="TestTier2FloatingOverlayBoundaries" name="test_t2_f29_05_very_long_message_text_wrapping" time="0.0005" />
  <!-- Feature 30 Boundaries -->
  <testcase classname="TestTier2FloatingOverlayBoundaries" name="test_t2_f30_01_search_with_regex_special_characters" time="0.0005" />
  <testcase classname="TestTier2FloatingOverlayBoundaries" name="test_t2_f30_02_search_with_unicode_and_emojis" time="0.0005" />
  <testcase classname="TestTier2FloatingOverlayBoundaries" name="test_t2_f30_03_search_query_whitespace_only" time="0.0005" />
  <testcase classname="TestTier2FloatingOverlayBoundaries" name="test_t2_f30_04_search_query_longer_than_any_message" time="0.0005" />
  <testcase classname="TestTier2FloatingOverlayBoundaries" name="test_t2_f30_05_search_across_10000_messages_performance" time="0.0035" />
  <!-- Feature 31 Boundaries -->
  <testcase classname="TestTier2SidebarAudioBoundaries" name="test_t2_f31_01_identical_timestamp_multi_participant_join" time="0.0005" />
  <testcase classname="TestTier2SidebarAudioBoundaries" name="test_t2_f31_02_negative_or_zero_entry_timestamp" time="0.0005" />
  <testcase classname="TestTier2SidebarAudioBoundaries" name="test_t2_f31_03_sub_millisecond_entry_time_precision" time="0.0005" />
  <testcase classname="TestTier2SidebarAudioBoundaries" name="test_t2_f31_04_clock_skew_backwards_time_jump" time="0.0005" />
  <testcase classname="TestTier2SidebarAudioBoundaries" name="test_t2_f31_05_100_participants_chronological_sort_stress" time="0.0008" />
  <!-- Feature 32 Boundaries -->
  <testcase classname="TestTier2SidebarAudioBoundaries" name="test_t2_f32_01_empty_and_whitespace_display_names" time="0.0005" />
  <testcase classname="TestTier2SidebarAudioBoundaries" name="test_t2_f32_02_special_character_and_number_prefixes" time="0.0005" />
  <testcase classname="TestTier2SidebarAudioBoundaries" name="test_t2_f32_03_identical_names_tie_breaking" time="0.0005" />
  <testcase classname="TestTier2SidebarAudioBoundaries" name="test_t2_f32_04_mixed_cyrillic_arabic_latin_sorting" time="0.0005" />
  <testcase classname="TestTier2SidebarAudioBoundaries" name="test_t2_f32_05_500_participants_alphabetical_sort_stress" time="0.0022" />
  <!-- Feature 33 Boundaries -->
  <testcase classname="TestTier2SidebarAudioBoundaries" name="test_t2_f33_01_search_query_with_sql_injection_patterns" time="0.0005" />
  <testcase classname="TestTier2SidebarAudioBoundaries" name="test_t2_f33_02_search_query_with_1000_characters" time="0.0005" />
  <testcase classname="TestTier2SidebarAudioBoundaries" name="test_t2_f33_03_search_query_with_control_characters" time="0.0005" />
  <testcase classname="TestTier2SidebarAudioBoundaries" name="test_t2_f33_04_rapid_keystroke_search_filtering" time="0.0005" />
  <testcase classname="TestTier2SidebarAudioBoundaries" name="test_t2_f33_05_search_on_empty_participant_list" time="0.0005" />
  <!-- Feature 34 Boundaries -->
  <testcase classname="TestTier2SidebarAudioBoundaries" name="test_t2_f34_01_quick_action_on_departed_participant" time="0.0005" />
  <testcase classname="TestTier2SidebarAudioBoundaries" name="test_t2_f34_02_rapid_multiple_clicks_on_quick_pin" time="0.0005" />
  <testcase classname="TestTier2SidebarAudioBoundaries" name="test_t2_f34_03_quick_action_profile_click_offline_user" time="0.0005" />
  <testcase classname="TestTier2SidebarAudioBoundaries" name="test_t2_f34_04_quick_action_chat_with_blocked_user" time="0.0005" />
  <testcase classname="TestTier2SidebarAudioBoundaries" name="test_t2_f34_05_quick_actions_at_extreme_sidebar_scroll" time="0.0005" />
  <!-- Feature 35 Boundaries -->
  <testcase classname="TestTier2SidebarAudioBoundaries" name="test_t2_f35_01_continuous_1000_microphone_packets_suppression" time="0.0016" />
  <testcase classname="TestTier2SidebarAudioBoundaries" name="test_t2_f35_02_unmute_attempt_in_lockout_mode_rejected" time="0.0005" />
  <testcase classname="TestTier2SidebarAudioBoundaries" name="test_t2_f35_03_sdp_renegotiation_listen_only_invariant" time="0.0005" />
  <testcase classname="TestTier2SidebarAudioBoundaries" name="test_t2_f35_04_network_interface_hop_lockout_invariant" time="0.0005" />
  <testcase classname="TestTier2SidebarAudioBoundaries" name="test_t2_f35_05_system_mic_permission_revoked_or_granted" time="0.0005" />
  <!-- Feature 36 Boundaries -->
  <testcase classname="TestTier2SidebarAudioBoundaries" name="test_t2_f36_01_mic_button_visibility_immutable_in_lockout" time="0.0005" />
  <testcase classname="TestTier2SidebarAudioBoundaries" name="test_t2_f36_02_keyboard_shortcut_unmute_blocked" time="0.0005" />
  <testcase classname="TestTier2SidebarAudioBoundaries" name="test_t2_f36_03_hardware_headset_mute_button_press" time="0.0005" />
  <testcase classname="TestTier2SidebarAudioBoundaries" name="test_t2_f36_04_bluetooth_hfp_profile_connection" time="0.0005" />
  <testcase classname="TestTier2SidebarAudioBoundaries" name="test_t2_f36_05_audio_settings_dialog_mic_selector_disabled" time="0.0005" />
  <!-- Feature 37 Boundaries -->
  <testcase classname="TestTier2SidebarAudioBoundaries" name="test_t2_f37_01_permanent_lockout_across_entire_call_lifecycle" time="0.0006" />
  <testcase classname="TestTier2SidebarAudioBoundaries" name="test_t2_f37_02_group_call_admin_unmute_override_ignored" time="0.0005" />
  <testcase classname="TestTier2SidebarAudioBoundaries" name="test_t2_f37_03_screen_sharing_system_audio_capture_isolated" time="0.0005" />
  <testcase classname="TestTier2SidebarAudioBoundaries" name="test_t2_f37_04_listen_only_zero_cpu_overhead_audio_pipeline" time="0.0005" />
  <testcase classname="TestTier2SidebarAudioBoundaries" name="test_t2_f37_05_crash_recovery_preserves_listen_only_invariant" time="0.0005" />
  <!-- Feature 38 Boundaries -->
  <testcase classname="TestTier2MenuPolishBoundaries" name="test_t2_f38_01_submenu_with_50_active_group_calls" time="0.0006" />
  <testcase classname="TestTier2MenuPolishBoundaries" name="test_t2_f38_02_submenu_group_call_with_very_long_title" time="0.0005" />
  <testcase classname="TestTier2MenuPolishBoundaries" name="test_t2_f38_03_submenu_group_call_with_unicode_and_emojis" time="0.0005" />
  <testcase classname="TestTier2MenuPolishBoundaries" name="test_t2_f38_04_rapid_opening_closing_calls_submenu" time="0.0006" />
  <testcase classname="TestTier2MenuPolishBoundaries" name="test_t2_f38_05_group_call_terminated_while_submenu_open" time="0.0005" />
  <!-- Feature 39 Boundaries -->
  <testcase classname="TestTier2MenuPolishBoundaries" name="test_t2_f39_01_support_mode_toggle_updates_wallet_presence" time="0.0005" />
  <testcase classname="TestTier2MenuPolishBoundaries" name="test_t2_f39_02_wallet_badge_localized_text" time="0.0005" />
  <testcase classname="TestTier2MenuPolishBoundaries" name="test_t2_f39_03_wallet_click_rate_limiting" time="0.0005" />
  <testcase classname="TestTier2MenuPolishBoundaries" name="test_t2_f39_04_custom_color_theme_badge_contrast" time="0.0005" />
  <testcase classname="TestTier2MenuPolishBoundaries" name="test_t2_f39_05_wallet_navigation_offline_error_handling" time="0.0005" />
  <!-- Feature 40 Boundaries -->
  <testcase classname="TestTier2MenuPolishBoundaries" name="test_t2_f40_01_rapid_mode_switching_narrow_wide_grid" time="0.0007" />
  <testcase classname="TestTier2MenuPolishBoundaries" name="test_t2_f40_02_ultra_wide_aspect_ratio_cleanup" time="0.0005" />
  <testcase classname="TestTier2MenuPolishBoundaries" name="test_t2_f40_03_rtmp_live_stream_wide_mode_cleanup" time="0.0005" />
  <testcase classname="TestTier2MenuPolishBoundaries" name="test_t2_f40_04_zero_video_feeds_wide_mode_cleanup" time="0.0005" />
  <testcase classname="TestTier2MenuPolishBoundaries" name="test_t2_f40_05_controls_geometry_recomputation_on_window_resize" time="0.0005" />
  <!-- Feature 41 Boundaries -->
  <testcase classname="TestTier2MenuPolishBoundaries" name="test_t2_f41_01_close_during_incoming_ring" time="0.0005" />
  <testcase classname="TestTier2MenuPolishBoundaries" name="test_t2_f41_02_close_during_reconnection_timeout" time="0.0005" />
  <testcase classname="TestTier2MenuPolishBoundaries" name="test_t2_f41_03_alt_f4_triggers_same_hangup_handler" time="0.0005" />
  <testcase classname="TestTier2MenuPolishBoundaries" name="test_t2_f41_04_system_tray_close_event_wiring" time="0.0005" />
  <testcase classname="TestTier2MenuPolishBoundaries" name="test_t2_f41_05_close_event_ignored_after_call_terminated" time="0.0005" />
  <!-- Feature 42 Boundaries -->
  <testcase classname="TestTier2MenuPolishBoundaries" name="test_t2_f42_01_invalid_icon_state_fallback" time="0.0005" />
  <testcase classname="TestTier2MenuPolishBoundaries" name="test_t2_f42_02_screen_share_icon_active_pulse_animation" time="0.0005" />
  <testcase classname="TestTier2MenuPolishBoundaries" name="test_t2_f42_03_message_icon_unread_counter_badge" time="0.0005" />
  <testcase classname="TestTier2MenuPolishBoundaries" name="test_t2_f42_04_vector_icon_sharpness_at_400_dpi" time="0.0005" />
  <testcase classname="TestTier2MenuPolishBoundaries" name="test_t2_f42_05_icon_accessibility_description_strings" time="0.0005" />
  <!-- Feature 43 Boundaries -->
  <testcase classname="TestTier2MenuPolishBoundaries" name="test_t2_f43_01_hover_on_zero_size_tile_suppressed" time="0.0005" />
  <testcase classname="TestTier2MenuPolishBoundaries" name="test_t2_f43_02_hover_controls_at_tile_boundary_edges" time="0.0005" />
  <testcase classname="TestTier2MenuPolishBoundaries" name="test_t2_f43_03_rapid_hover_shuffling_across_9_tiles" time="0.0005" />
  <testcase classname="TestTier2MenuPolishBoundaries" name="test_t2_f43_04_hover_controls_in_fullscreen_presentation" time="0.0005" />
  <testcase classname="TestTier2MenuPolishBoundaries" name="test_t2_f43_05_touchscreen_tap_hover_controls_emulation" time="0.0005" />
  <!-- Feature 44 Boundaries -->
  <testcase classname="TestTier2MenuPolishBoundaries" name="test_t2_f44_01_key_event_with_extra_meta_keys" time="0.0005" />
  <testcase classname="TestTier2MenuPolishBoundaries" name="test_t2_f44_02_key_event_with_only_ctrl_t" time="0.0005" />
  <testcase classname="TestTier2MenuPolishBoundaries" name="test_t2_f44_03_window_level_handler_during_text_selection" time="0.0005" />
  <testcase classname="TestTier2MenuPolishBoundaries" name="test_t2_f44_04_shortcut_under_os_lock_screen" time="0.0005" />
  <testcase classname="TestTier2MenuPolishBoundaries" name="test_t2_f44_05_key_autorepeat_throttling" time="0.0005" />
  <!-- Feature 45 Boundaries -->
  <testcase classname="TestTier2ContextEngineBuildBoundaries" name="test_t2_f45_01_empty_markdown_checklist_parsing" time="0.0006" />
  <testcase classname="TestTier2ContextEngineBuildBoundaries" name="test_t2_f45_02_100_items_checklist_toggle_performance" time="0.0016" />
  <testcase classname="TestTier2ContextEngineBuildBoundaries" name="test_t2_f45_03_out_of_bounds_item_index_toggle" time="0.0005" />
  <testcase classname="TestTier2ContextEngineBuildBoundaries" name="test_t2_f45_04_multiple_rapid_rollbacks_on_successive_failures" time="0.0006" />
  <testcase classname="TestTier2ContextEngineBuildBoundaries" name="test_t2_f45_05_malformed_checkbox_syntax_handling" time="0.0006" />
  <!-- Feature 46 Boundaries -->
  <testcase classname="TestTier2ContextEngineBuildBoundaries" name="test_t2_f46_01_cross_ui_pin_peer_without_video" time="0.0005" />
  <testcase classname="TestTier2ContextEngineBuildBoundaries" name="test_t2_f46_02_cross_ui_pin_self_user" time="0.0005" />
  <testcase classname="TestTier2ContextEngineBuildBoundaries" name="test_t2_f46_03_cross_ui_pin_during_network_reconnect" time="0.0005" />
  <testcase classname="TestTier2ContextEngineBuildBoundaries" name="test_t2_f46_04_cross_ui_pin_after_participant_left" time="0.0005" />
  <testcase classname="TestTier2ContextEngineBuildBoundaries" name="test_t2_f46_05_cross_ui_rapid_pin_from_multiple_menus" time="0.0005" />
  <!-- Feature 47 Boundaries -->
  <testcase classname="TestTier2ContextEngineBuildBoundaries" name="test_t2_f47_01_target_prompt_with_identical_resolution_screens" time="0.0005" />
  <testcase classname="TestTier2ContextEngineBuildBoundaries" name="test_t2_f47_02_target_prompt_with_extreme_aspect_ratios" time="0.0005" />
  <testcase classname="TestTier2ContextEngineBuildBoundaries" name="test_t2_f47_03_target_prompt_closed_via_escape_key" time="0.0005" />
  <testcase classname="TestTier2ContextEngineBuildBoundaries" name="test_t2_f47_04_target_prompt_when_all_screens_have_pins" time="0.0005" />
  <testcase classname="TestTier2ContextEngineBuildBoundaries" name="test_t2_f47_05_target_prompt_high_dpi_coordinate_mapping" time="0.0005" />
  <!-- Feature 48 Boundaries -->
  <testcase classname="TestTier2ContextEngineBuildBoundaries" name="test_t2_f48_01_unpin_dialog_with_multiple_screens" time="0.0005" />
  <testcase classname="TestTier2ContextEngineBuildBoundaries" name="test_t2_f48_02_unpin_dialog_on_already_unpinned_feed" time="0.0005" />
  <testcase classname="TestTier2ContextEngineBuildBoundaries" name="test_t2_f48_03_unpin_dialog_rapid_confirm_dismiss" time="0.0005" />
  <testcase classname="TestTier2ContextEngineBuildBoundaries" name="test_t2_f48_04_unpin_dialog_under_modal_stack" time="0.0005" />
  <testcase classname="TestTier2ContextEngineBuildBoundaries" name="test_t2_f48_05_unpin_all_confirmation_batch" time="0.0005" />
  <!-- Feature 49 Boundaries -->
  <testcase classname="TestTier2ContextEngineBuildBoundaries" name="test_t2_f49_01_controller_with_100_participants" time="0.0006" />
  <testcase classname="TestTier2ContextEngineBuildBoundaries" name="test_t2_f49_02_controller_rapid_speaker_switches" time="0.0009" />
  <testcase classname="TestTier2ContextEngineBuildBoundaries" name="test_t2_f49_03_controller_null_active_speaker_silence" time="0.0005" />
  <testcase classname="TestTier2ContextEngineBuildBoundaries" name="test_t2_f49_04_controller_duplicate_endpoint_ids" time="0.0005" />
  <testcase classname="TestTier2ContextEngineBuildBoundaries" name="test_t2_f49_05_controller_empty_call_state" time="0.0005" />
  <!-- Feature 50 Boundaries -->
  <testcase classname="TestTier2ContextEngineBuildBoundaries" name="test_t2_f50_01_upscale_nonexistent_endpoint" time="0.0005" />
  <testcase classname="TestTier2ContextEngineBuildBoundaries" name="test_t2_f50_02_rapid_upscale_downscale_cycles" time="0.0006" />
  <testcase classname="TestTier2ContextEngineBuildBoundaries" name="test_t2_f50_03_simulcast_upscale_all_participants" time="0.0005" />
  <testcase classname="TestTier2ContextEngineBuildBoundaries" name="test_t2_f50_04_upscale_layer_values_clamped" time="0.0005" />
  <testcase classname="TestTier2ContextEngineBuildBoundaries" name="test_t2_f50_05_upscale_signal_retransmission_on_packet_loss" time="0.0005" />
  <!-- Feature 51 Boundaries -->
  <testcase classname="TestTier2ContextEngineBuildBoundaries" name="test_t2_f51_01_hysteresis_zero_threshold" time="0.0005" />
  <testcase classname="TestTier2ContextEngineBuildBoundaries" name="test_t2_f51_02_hysteresis_high_threshold" time="0.0005" />
  <testcase classname="TestTier2ContextEngineBuildBoundaries" name="test_t2_f51_03_hysteresis_speaker_departure_override" time="0.0005" />
  <testcase classname="TestTier2ContextEngineBuildBoundaries" name="test_t2_f51_04_hysteresis_sub_millisecond_jitter" time="0.0005" />
  <testcase classname="TestTier2ContextEngineBuildBoundaries" name="test_t2_f51_05_hysteresis_timestamp_overflow" time="0.0005" />
  <!-- Feature 52 Boundaries -->
  <testcase classname="TestTier2ContextEngineBuildBoundaries" name="test_t2_f52_01_purge_50_dead_tracks" time="0.0005" />
  <testcase classname="TestTier2ContextEngineBuildBoundaries" name="test_t2_f52_02_rapid_peer_id_reuse" time="0.0005" />
  <testcase classname="TestTier2ContextEngineBuildBoundaries" name="test_t2_f52_03_track_routing_with_corrupt_stream_ids" time="0.0005" />
  <testcase classname="TestTier2ContextEngineBuildBoundaries" name="test_t2_f52_04_concurrent_track_addition_and_removal" time="0.0005" />
  <testcase classname="TestTier2ContextEngineBuildBoundaries" name="test_t2_f52_05_zero_active_tracks_routing" time="0.0005" />
  <!-- Feature 53 Boundaries -->
  <testcase classname="TestTier2ContextEngineBuildBoundaries" name="test_t2_f53_01_pragma_repeated_execution_idempotency" time="0.0005" />
  <testcase classname="TestTier2ContextEngineBuildBoundaries" name="test_t2_f53_02_pragma_case_insensitivity" time="0.0005" />
  <testcase classname="TestTier2ContextEngineBuildBoundaries" name="test_t2_f53_03_pragma_disabled_optimizations_defaults" time="0.0005" />
  <testcase classname="TestTier2ContextEngineBuildBoundaries" name="test_t2_f53_04_pragma_custom_mmap_size_override" time="0.0005" />
  <testcase classname="TestTier2ContextEngineBuildBoundaries" name="test_t2_f53_05_pragma_disk_full_fallback" time="0.0005" />
  <!-- Feature 54 Boundaries -->
  <testcase classname="TestTier2ContextEngineBuildBoundaries" name="test_t2_f54_01_negative_inter_arrival_jitter" time="0.0005" />
  <testcase classname="TestTier2ContextEngineBuildBoundaries" name="test_t2_f54_02_massive_jitter_spike_1000ms" time="0.0005" />
  <testcase classname="TestTier2ContextEngineBuildBoundaries" name="test_t2_f54_03_zero_jitter_steady_stream" time="0.0005" />
  <testcase classname="TestTier2ContextEngineBuildBoundaries" name="test_t2_f54_04_drain_empty_jitter_buffer" time="0.0005" />
  <testcase classname="TestTier2ContextEngineBuildBoundaries" name="test_t2_f54_05_10000_packets_jitter_stress" time="0.0042" />
  <!-- Feature 55 Boundaries -->
  <testcase classname="TestTier2ContextEngineBuildBoundaries" name="test_t2_f55_01_guide_documents_arm64_command_prompt" time="0.0005" />
  <testcase classname="TestTier2ContextEngineBuildBoundaries" name="test_t2_f55_02_guide_documents_win32_x86_command_prompt" time="0.0005" />
  <testcase classname="TestTier2ContextEngineBuildBoundaries" name="test_t2_f55_03_guide_documents_no_release_build_rule" time="0.0005" />
  <testcase classname="TestTier2ContextEngineBuildBoundaries" name="test_t2_f55_04_guide_documents_libraries_path_resolution" time="0.0005" />
  <testcase classname="TestTier2ContextEngineBuildBoundaries" name="test_t2_f55_05_guide_documents_docker_wsl_build_script" time="0.0005" />
  <!-- Feature 56 Boundaries -->
  <testcase classname="TestTier2ContextEngineBuildBoundaries" name="test_t2_f56_01_all_fork_headers_present_in_sources" time="0.0005" />
  <testcase classname="TestTier2ContextEngineBuildBoundaries" name="test_t2_f56_02_cmake_minimum_required_version_enforced" time="0.0005" />
  <testcase classname="TestTier2ContextEngineBuildBoundaries" name="test_t2_f56_03_no_hardcoded_absolute_developer_paths" time="0.0005" />
  <testcase classname="TestTier2ContextEngineBuildBoundaries" name="test_t2_f56_04_cxx_standard_20_configured" time="0.0005" />
  <testcase classname="TestTier2ContextEngineBuildBoundaries" name="test_t2_f56_05_third_party_dependency_linkage" time="0.0005" />
  <!-- Feature 57 Boundaries -->
  <testcase classname="TestTier2ContextEngineBuildBoundaries" name="test_t2_f57_01_all_keys_have_valid_english_translations" time="0.0005" />
  <testcase classname="TestTier2ContextEngineBuildBoundaries" name="test_t2_f57_02_key_lookup_missing_key_fallback" time="0.0005" />
  <testcase classname="TestTier2ContextEngineBuildBoundaries" name="test_t2_f57_03_special_characters_escaping_in_strings" time="0.0005" />
  <testcase classname="TestTier2ContextEngineBuildBoundaries" name="test_t2_f57_04_key_names_snake_case_convention" time="0.0005" />
  <testcase classname="TestTier2ContextEngineBuildBoundaries" name="test_t2_f57_05_dynamic_language_switch_retains_fork_keys" time="0.0005" />

  <!-- Tier 3: Cross-Feature Combinations (60 tests) -->
  <!-- Call UI & Grid Combinations (16 tests) -->
  <testcase classname="TestTier3CallUiGridInteractions" name="test_t3_01_grid_mode_toggle_with_preset_1x1" time="0.0005" />
  <testcase classname="TestTier3CallUiGridInteractions" name="test_t3_02_grid_mode_toggle_with_preset_2x2" time="0.0005" />
  <testcase classname="TestTier3CallUiGridInteractions" name="test_t3_03_grid_mode_toggle_with_preset_3x3" time="0.0005" />
  <testcase classname="TestTier3CallUiGridInteractions" name="test_t3_04_grid_mode_with_dynamic_50_50_split" time="0.0005" />
  <testcase classname="TestTier3CallUiGridInteractions" name="test_t3_05_chat_panel_slide_out_over_2x2_grid" time="0.0005" />
  <testcase classname="TestTier3CallUiGridInteractions" name="test_t3_06_chat_panel_slide_out_with_pinned_stage" time="0.0005" />
  <testcase classname="TestTier3CallUiGridInteractions" name="test_t3_07_end_call_hover_controls_in_wide_grid_mode" time="0.0005" />
  <testcase classname="TestTier3CallUiGridInteractions" name="test_t3_08_obstructing_button_cleanup_with_active_screen_share" time="0.0005" />
  <testcase classname="TestTier3CallUiGridInteractions" name="test_t3_09_multi_pin_combined_with_simulcast_upscaling" time="0.0005" />
  <testcase classname="TestTier3CallUiGridInteractions" name="test_t3_10_multi_pin_hover_controls_with_splitter_drag" time="0.0005" />
  <testcase classname="TestTier3CallUiGridInteractions" name="test_t3_11_pin_from_context_menu_in_wide_mode" time="0.0005" />
  <testcase classname="TestTier3CallUiGridInteractions" name="test_t3_12_unpin_action_updates_dynamic_grid_solver" time="0.0005" />
  <testcase classname="TestTier3CallUiGridInteractions" name="test_t3_13_active_speaker_hysteresis_with_dynamic_50_50_grid" time="0.0005" />
  <testcase classname="TestTier3CallUiGridInteractions" name="test_t3_14_camera_toggle_updates_dynamic_grid_dimensions" time="0.0005" />
  <testcase classname="TestTier3CallUiGridInteractions" name="test_t3_15_titlebar_close_terminates_multi_pin_call" time="0.0005" />
  <testcase classname="TestTier3CallUiGridInteractions" name="test_t3_16_uncapped_16_participant_grid_with_slide_out_chat" time="0.0006" />

  <!-- Multi-Display & Overlay Combinations (15 tests) -->
  <testcase classname="TestTier3MultiDisplayOverlayInteractions" name="test_t3_01_stage_window_on_screen_2_with_overlay_on_screen_1" time="0.0005" />
  <testcase classname="TestTier3MultiDisplayOverlayInteractions" name="test_t3_02_dual_prompt_selection_with_open_overlay" time="0.0005" />
  <testcase classname="TestTier3MultiDisplayOverlayInteractions" name="test_t3_03_drag_overlay_across_screen_boundary" time="0.0005" />
  <testcase classname="TestTier3MultiDisplayOverlayInteractions" name="test_t3_04_ctrl_shift_t_toggle_with_fullscreen_stage" time="0.0005" />
  <testcase classname="TestTier3MultiDisplayOverlayInteractions" name="test_t3_05_opacity_adjustment_over_secondary_screen" time="0.0005" />
  <testcase classname="TestTier3MultiDisplayOverlayInteractions" name="test_t3_06_escape_key_dismisses_overlay_leaving_stage_active" time="0.0005" />
  <testcase classname="TestTier3MultiDisplayOverlayInteractions" name="test_t3_07_in_meeting_search_in_overlay_while_video_on_screen_2" time="0.0005" />
  <testcase classname="TestTier3MultiDisplayOverlayInteractions" name="test_t3_08_screen_2_disconnect_fallback_with_open_overlay" time="0.0005" />
  <testcase classname="TestTier3MultiDisplayOverlayInteractions" name="test_t3_09_chat_station_role_with_floating_overlay" time="0.0005" />
  <testcase classname="TestTier3MultiDisplayOverlayInteractions" name="test_t3_10_secondary_active_speaker_isolation_with_overlay_search" time="0.0005" />
  <testcase classname="TestTier3MultiDisplayOverlayInteractions" name="test_t3_11_simulcast_upscale_on_secondary_with_overlay_active" time="0.0005" />
  <testcase classname="TestTier3MultiDisplayOverlayInteractions" name="test_t3_12_overlay_dynamic_resize_on_secondary_display" time="0.0005" />
  <testcase classname="TestTier3MultiDisplayOverlayInteractions" name="test_t3_13_pin_to_grid_context_action_with_active_overlay" time="0.0005" />
  <testcase classname="TestTier3MultiDisplayOverlayInteractions" name="test_t3_14_unpin_from_screen_2_restores_primary_overlay_focus" time="0.0005" />
  <testcase classname="TestTier3MultiDisplayOverlayInteractions" name="test_t3_15_comprehensive_multi_screen_overlay_lifecycle" time="0.0006" />

  <!-- Ghost Mode & Network Combinations (14 tests) -->
  <testcase classname="TestTier3GhostModeNetworkInteractions" name="test_t3_01_ghost_mode_during_16_session_parallel_chunk_download" time="0.0007" />
  <testcase classname="TestTier3GhostModeNetworkInteractions" name="test_t3_02_ghost_mode_settings_serialization_during_active_download" time="0.0006" />
  <testcase classname="TestTier3GhostModeNetworkInteractions" name="test_t3_03_ghost_mode_with_rich_tasks_checklist_toggle" time="0.0006" />
  <testcase classname="TestTier3GhostModeNetworkInteractions" name="test_t3_04_rich_tasks_debounce_commit_under_ghost_mode" time="0.0006" />
  <testcase classname="TestTier3GhostModeNetworkInteractions" name="test_t3_05_parallel_downloads_under_sqlite_wal_and_mmap" time="0.0006" />
  <testcase classname="TestTier3GhostModeNetworkInteractions" name="test_t3_06_chunk_download_timeout_does_not_affect_ghost_mode" time="0.0006" />
  <testcase classname="TestTier3GhostModeNetworkInteractions" name="test_t3_07_read_5_chats_concurrently_with_16_session_download" time="0.0006" />
  <testcase classname="TestTier3GhostModeNetworkInteractions" name="test_t3_08_local_unread_clearing_under_sqlite_wal_mode" time="0.0006" />
  <testcase classname="TestTier3GhostModeNetworkInteractions" name="test_t3_09_cold_restart_sqlite_wal_recovering_ghost_mode" time="0.0006" />
  <testcase classname="TestTier3GhostModeNetworkInteractions" name="test_t3_10_dynamic_ghost_mode_toggle_mid_download_stream" time="0.0006" />
  <testcase classname="TestTier3GhostModeNetworkInteractions" name="test_t3_11_rich_task_rollback_with_ghost_mode_enabled" time="0.0006" />
  <testcase classname="TestTier3GhostModeNetworkInteractions" name="test_t3_12_multi_dc_downloads_with_ghost_mode" time="0.0006" />
  <testcase classname="TestTier3GhostModeNetworkInteractions" name="test_t3_13_sqlite_cache_size_and_ghost_mode_coherency" time="0.0006" />
  <testcase classname="TestTier3GhostModeNetworkInteractions" name="test_t3_14_comprehensive_stealth_session_integration" time="0.0007" />

  <!-- Audio Lockout & Menu Combinations (15 tests) -->
  <testcase classname="TestTier3AudioLockoutMenuInteractions" name="test_t3_01_listen_only_call_started_from_calls_submenu" time="0.0005" />
  <testcase classname="TestTier3AudioLockoutMenuInteractions" name="test_t3_02_listen_only_call_with_wallet_menu_navigation" time="0.0005" />
  <testcase classname="TestTier3AudioLockoutMenuInteractions" name="test_t3_03_listen_only_call_terminated_via_titlebar_close" time="0.0005" />
  <testcase classname="TestTier3AudioLockoutMenuInteractions" name="test_t3_04_listen_only_call_with_webrtc_jitter_clamping_a1" time="0.0005" />
  <testcase classname="TestTier3AudioLockoutMenuInteractions" name="test_t3_05_fast_accelerate_draining_during_listen_only_call" time="0.0005" />
  <testcase classname="TestTier3AudioLockoutMenuInteractions" name="test_t3_06_calls_submenu_lists_listen_only_active_call" time="0.0005" />
  <testcase classname="TestTier3AudioLockoutMenuInteractions" name="test_t3_07_support_mode_listen_only_call_with_wallet_hidden" time="0.0005" />
  <testcase classname="TestTier3AudioLockoutMenuInteractions" name="test_t3_08_listen_only_with_simulcast_upscaling" time="0.0005" />
  <testcase classname="TestTier3AudioLockoutMenuInteractions" name="test_t3_09_vector_icons_rendering_in_listen_only_call" time="0.0005" />
  <testcase classname="TestTier3AudioLockoutMenuInteractions" name="test_t3_10_localization_keys_for_calls_submenu" time="0.0005" />
  <testcase classname="TestTier3AudioLockoutMenuInteractions" name="test_t3_11_track_peer_cleanup_on_listen_only_participant_leave" time="0.0005" />
  <testcase classname="TestTier3AudioLockoutMenuInteractions" name="test_t3_12_multi_pin_hover_controls_in_listen_only_mode" time="0.0005" />
  <testcase classname="TestTier3AudioLockoutMenuInteractions" name="test_t3_13_active_speaker_hysteresis_during_listen_only_call" time="0.0005" />
  <testcase classname="TestTier3AudioLockoutMenuInteractions" name="test_t3_14_call_cancel_ripple_color_on_listen_only_hangup" time="0.0005" />
  <testcase classname="TestTier3AudioLockoutMenuInteractions" name="test_t3_15_full_listen_only_lifecycle_integration" time="0.0006" />

  <!-- Tier 4: Real-World Application Workloads (29 tests) -->
  <testcase classname="TestTier4RealWorldScenarios" name="test_t4_s01_large_townhall_presentation" time="0.0007" />
  <testcase classname="TestTier4RealWorldScenarios" name="test_t4_s02_executive_stealth_chat_and_call_review" time="0.0006" />
  <testcase classname="TestTier4RealWorldScenarios" name="test_t4_s03_heavy_media_ingestion_and_chunk_download" time="0.0011" />
  <testcase classname="TestTier4RealWorldScenarios" name="test_t4_s04_multi_monitor_trading_monitoring_station" time="0.0006" />
  <testcase classname="TestTier4RealWorldScenarios" name="test_t4_s05_dynamic_interactive_sprint_planning" time="0.0006" />
  <testcase classname="TestTier4RealWorldScenarios" name="test_t4_s06_fast_paced_multi_speaker_debate" time="0.0006" />
  <testcase classname="TestTier4RealWorldScenarios" name="test_t4_s07_webinar_with_listen_only_attendees" time="0.0006" />
  <testcase classname="TestTier4RealWorldScenarios" name="test_t4_s08_compact_hud_companion_overlay_workflow" time="0.0005" />
  <testcase classname="TestTier4RealWorldScenarios" name="test_t4_s09_rapid_participant_inflow_and_dynamic_resorting" time="0.0008" />
  <testcase classname="TestTier4RealWorldScenarios" name="test_t4_s10_pinned_panel_resizing_and_splitter_adjustment" time="0.0005" />
  <testcase classname="TestTier4RealWorldScenarios" name="test_t4_s11_cross_ui_context_menu_navigation_flow" time="0.0005" />
  <testcase classname="TestTier4RealWorldScenarios" name="test_t4_s12_navigation_and_wallet_inspection_flow" time="0.0005" />
  <testcase classname="TestTier4RealWorldScenarios" name="test_t4_s13_emergency_hangup_and_fast_call_termination" time="0.0005" />
  <testcase classname="TestTier4RealWorldScenarios" name="test_t4_s14_network_degradation_and_multi_connection_resilience" time="0.0008" />
  <testcase classname="TestTier4RealWorldScenarios" name="test_t4_s15_overlay_keyboard_mastery_and_focus_shift" time="0.0005" />
  <testcase classname="TestTier4RealWorldScenarios" name="test_t4_s16_massive_group_call_grid_solver_scale" time="0.0025" />
  <testcase classname="TestTier4RealWorldScenarios" name="test_t4_s17_zero_mic_enforcement_under_call_reconnection" time="0.0005" />
  <testcase classname="TestTier4RealWorldScenarios" name="test_t4_s18_high_throughput_database_write_and_cache_coherency" time="0.0006" />
  <testcase classname="TestTier4RealWorldScenarios" name="test_t4_s19_dual_screen_presentation_with_chat_station" time="0.0005" />
  <testcase classname="TestTier4RealWorldScenarios" name="test_t4_s20_complete_custom_theme_and_style_conformance" time="0.0005" />
  <testcase classname="TestTier4RealWorldScenarios" name="test_t4_s21_multi_participant_pinning_with_quality_upscaling" time="0.0005" />
  <testcase classname="TestTier4RealWorldScenarios" name="test_t4_s22_sidebar_search_and_real_time_participant_actions" time="0.0005" />
  <testcase classname="TestTier4RealWorldScenarios" name="test_t4_s23_overlay_dynamic_resize_and_chat_scroll_persistence" time="0.0005" />
  <testcase classname="TestTier4RealWorldScenarios" name="test_t4_s24_webrtc_playout_latency_and_rapid_speaker_jitter" time="0.0005" />
  <testcase classname="TestTier4RealWorldScenarios" name="test_t4_s25_settings_toggle_round_trip_and_app_restart" time="0.0006" />
  <testcase classname="TestTier4RealWorldScenarios" name="test_t4_s26_multi_display_dynamic_disconnection_and_fallback" time="0.0005" />
  <testcase classname="TestTier4RealWorldScenarios" name="test_t4_s27_rich_task_status_toggle_and_history_sync" time="0.0005" />
  <testcase classname="TestTier4RealWorldScenarios" name="test_t4_s28_comprehensive_localization_keys_completeness" time="0.0005" />
  <testcase classname="TestTier4s29_end_to_end_fork_system_lifecycle_integration" name="test_t4_s29_end_to_end_fork_system_lifecycle_integration" time="0.0007" />
</testsuite>
